../Core/Src/main.c:16:5:main	8	static
../Core/Src/main.c:40:6:Error_Handler	4	static
../Core/Src/main.c:46:6:SystemClock_Config	72	static
../Core/Src/main.c:70:6:CAN_TX	48	static
../Core/Src/main.c:91:6:CAN_FILTER_CONFIG	48	static
../Core/Src/main.c:109:6:HAL_CAN_TxMailbox0CompleteCallback	56	static
../Core/Src/main.c:117:6:HAL_CAN_TxMailbox1CompleteCallback	56	static
../Core/Src/main.c:125:6:HAL_CAN_TxMailbox2CompleteCallback	56	static
../Core/Src/main.c:133:6:HAL_CAN_RxFifo0MsgPendingCallback	56	static
../Core/Src/main.c:145:6:HAL_CAN_ErrorCallback	16	static
../Core/Src/main.c:149:6:UART_INIT	8	static
