../Core/Src/main.c:33:24:rb_next	16	static
../Core/Src/main.c:36:20:rb_empty	4	static
../Core/Src/main.c:39:20:rb_full	8	static
../Core/Src/main.c:42:20:rb_add	16	static
../Core/Src/main.c:50:20:rb_pop	16	static
../Core/Src/main.c:59:5:main	8	static
../Core/Src/main.c:94:6:Error_Handler	4	static
../Core/Src/main.c:100:6:SystemClock_Config	72	static
../Core/Src/main.c:124:6:CAN_TX	48	static
../Core/Src/main.c:145:6:CAN_FILTER_CONFIG	48	static
../Core/Src/main.c:163:6:HAL_CAN_TxMailbox0CompleteCallback	56	static
../Core/Src/main.c:189:6:HAL_CAN_RxFifo0MsgPendingCallback	72	static
../Core/Src/main.c:209:6:HAL_CAN_ErrorCallback	16	static
../Core/Src/main.c:212:6:CANTIM2_INIT	8	static
../Core/Src/main.c:223:6:HAL_TIM_PeriodElapsedCallback	16	static
../Core/Src/main.c:228:6:UART_INIT	8	static
