../Core/Src/main.c:42:5:main	8	static
../Core/Src/main.c:73:6:Error_Handler	4	static
../Core/Src/main.c:79:6:SystemClock_Config	72	static
../Core/Src/main.c:103:6:CAN_TX	48	static
../Core/Src/main.c:124:6:CAN_FILTER_CONFIG	48	static
../Core/Src/main.c:142:6:HAL_CAN_TxMailbox0CompleteCallback	56	static
../Core/Src/main.c:167:7:HAL_CAN_RxFifo0MsgPendingCallback	56	static
../Core/Src/main.c:179:6:HAL_CAN_ErrorCallback	16	static
../Core/Src/main.c:182:6:CANTIM2_INIT	8	static
../Core/Src/main.c:193:6:HAL_TIM_PeriodElapsedCallback	16	static
../Core/Src/main.c:198:6:UART_INIT	8	static
