../Core/Src/main.c:74:6:CAN_TX	56	static
../Core/Src/main.c:90:13:MPPT_Process	16	static
../Core/Src/main.c:135:13:MPPT_Pack_0x630	24	static
../Core/Src/main.c:151:13:MPPT_Pack_0x631	24	static
../Core/Src/main.c:163:6:HAL_TIM_PeriodElapsedCallback	16	static
../Core/Src/main.c:174:5:main	112	static
../Core/Src/main.c:274:6:SystemClock_Config	88	static
../Core/Src/main.c:297:13:MX_ADC1_Init	24	static
../Core/Src/main.c:316:13:MX_CAN_Init	8	static
../Core/Src/main.c:332:13:MX_TIM1_Init	80	static
../Core/Src/main.c:366:13:MX_TIM2_Init	32	static
../Core/Src/main.c:383:13:MX_USART1_UART_Init	8	static
../Core/Src/main.c:395:13:MX_DMA_Init	16	static
../Core/Src/main.c:399:13:MX_GPIO_Init	32	static
../Core/Src/main.c:411:6:Error_Handler	4	static,ignoring_inline_asm
