Archive member included to satisfy reference by file (symbol)

A:/STM32cube/New folder/STM32CubeIDE_1.19.0/STM32CubeIDE/plugins/com.st.stm32cube.ide.mcu.externaltools.gnu-tools-for-stm32.13.3.rel1.win32_1.0.0.202411081344/tools/bin/../lib/gcc/arm-none-eabi/13.3.1/../../../../arm-none-eabi/lib/thumb/v7-m/nofp\libc_nano.a(libc_a-exit.o)
                              A:/STM32cube/New folder/STM32CubeIDE_1.19.0/STM32CubeIDE/plugins/com.st.stm32cube.ide.mcu.externaltools.gnu-tools-for-stm32.13.3.rel1.win32_1.0.0.202411081344/tools/bin/../lib/gcc/arm-none-eabi/13.3.1/../../../../arm-none-eabi/lib/thumb/v7-m/nofp/crt0.o (exit)
A:/STM32cube/New folder/STM32CubeIDE_1.19.0/STM32CubeIDE/plugins/com.st.stm32cube.ide.mcu.externaltools.gnu-tools-for-stm32.13.3.rel1.win32_1.0.0.202411081344/tools/bin/../lib/gcc/arm-none-eabi/13.3.1/../../../../arm-none-eabi/lib/thumb/v7-m/nofp\libc_nano.a(libc_a-findfp.o)
                              A:/STM32cube/New folder/STM32CubeIDE_1.19.0/STM32CubeIDE/plugins/com.st.stm32cube.ide.mcu.externaltools.gnu-tools-for-stm32.13.3.rel1.win32_1.0.0.202411081344/tools/bin/../lib/gcc/arm-none-eabi/13.3.1/../../../../arm-none-eabi/lib/thumb/v7-m/nofp\libc_nano.a(libc_a-exit.o) (__stdio_exit_handler)
A:/STM32cube/New folder/STM32CubeIDE_1.19.0/STM32CubeIDE/plugins/com.st.stm32cube.ide.mcu.externaltools.gnu-tools-for-stm32.13.3.rel1.win32_1.0.0.202411081344/tools/bin/../lib/gcc/arm-none-eabi/13.3.1/../../../../arm-none-eabi/lib/thumb/v7-m/nofp\libc_nano.a(libc_a-fwalk.o)
                              A:/STM32cube/New folder/STM32CubeIDE_1.19.0/STM32CubeIDE/plugins/com.st.stm32cube.ide.mcu.externaltools.gnu-tools-for-stm32.13.3.rel1.win32_1.0.0.202411081344/tools/bin/../lib/gcc/arm-none-eabi/13.3.1/../../../../arm-none-eabi/lib/thumb/v7-m/nofp\libc_nano.a(libc_a-findfp.o) (_fwalk_sglue)
A:/STM32cube/New folder/STM32CubeIDE_1.19.0/STM32CubeIDE/plugins/com.st.stm32cube.ide.mcu.externaltools.gnu-tools-for-stm32.13.3.rel1.win32_1.0.0.202411081344/tools/bin/../lib/gcc/arm-none-eabi/13.3.1/../../../../arm-none-eabi/lib/thumb/v7-m/nofp\libc_nano.a(libc_a-stdio.o)
                              A:/STM32cube/New folder/STM32CubeIDE_1.19.0/STM32CubeIDE/plugins/com.st.stm32cube.ide.mcu.externaltools.gnu-tools-for-stm32.13.3.rel1.win32_1.0.0.202411081344/tools/bin/../lib/gcc/arm-none-eabi/13.3.1/../../../../arm-none-eabi/lib/thumb/v7-m/nofp\libc_nano.a(libc_a-findfp.o) (__sread)
A:/STM32cube/New folder/STM32CubeIDE_1.19.0/STM32CubeIDE/plugins/com.st.stm32cube.ide.mcu.externaltools.gnu-tools-for-stm32.13.3.rel1.win32_1.0.0.202411081344/tools/bin/../lib/gcc/arm-none-eabi/13.3.1/../../../../arm-none-eabi/lib/thumb/v7-m/nofp\libc_nano.a(libc_a-memset.o)
                              A:/STM32cube/New folder/STM32CubeIDE_1.19.0/STM32CubeIDE/plugins/com.st.stm32cube.ide.mcu.externaltools.gnu-tools-for-stm32.13.3.rel1.win32_1.0.0.202411081344/tools/bin/../lib/gcc/arm-none-eabi/13.3.1/../../../../arm-none-eabi/lib/thumb/v7-m/nofp/crt0.o (memset)
A:/STM32cube/New folder/STM32CubeIDE_1.19.0/STM32CubeIDE/plugins/com.st.stm32cube.ide.mcu.externaltools.gnu-tools-for-stm32.13.3.rel1.win32_1.0.0.202411081344/tools/bin/../lib/gcc/arm-none-eabi/13.3.1/../../../../arm-none-eabi/lib/thumb/v7-m/nofp\libc_nano.a(libc_a-closer.o)
                              A:/STM32cube/New folder/STM32CubeIDE_1.19.0/STM32CubeIDE/plugins/com.st.stm32cube.ide.mcu.externaltools.gnu-tools-for-stm32.13.3.rel1.win32_1.0.0.202411081344/tools/bin/../lib/gcc/arm-none-eabi/13.3.1/../../../../arm-none-eabi/lib/thumb/v7-m/nofp\libc_nano.a(libc_a-stdio.o) (_close_r)
A:/STM32cube/New folder/STM32CubeIDE_1.19.0/STM32CubeIDE/plugins/com.st.stm32cube.ide.mcu.externaltools.gnu-tools-for-stm32.13.3.rel1.win32_1.0.0.202411081344/tools/bin/../lib/gcc/arm-none-eabi/13.3.1/../../../../arm-none-eabi/lib/thumb/v7-m/nofp\libc_nano.a(libc_a-reent.o)
                              A:/STM32cube/New folder/STM32CubeIDE_1.19.0/STM32CubeIDE/plugins/com.st.stm32cube.ide.mcu.externaltools.gnu-tools-for-stm32.13.3.rel1.win32_1.0.0.202411081344/tools/bin/../lib/gcc/arm-none-eabi/13.3.1/../../../../arm-none-eabi/lib/thumb/v7-m/nofp\libc_nano.a(libc_a-closer.o) (errno)
A:/STM32cube/New folder/STM32CubeIDE_1.19.0/STM32CubeIDE/plugins/com.st.stm32cube.ide.mcu.externaltools.gnu-tools-for-stm32.13.3.rel1.win32_1.0.0.202411081344/tools/bin/../lib/gcc/arm-none-eabi/13.3.1/../../../../arm-none-eabi/lib/thumb/v7-m/nofp\libc_nano.a(libc_a-impure.o)
                              A:/STM32cube/New folder/STM32CubeIDE_1.19.0/STM32CubeIDE/plugins/com.st.stm32cube.ide.mcu.externaltools.gnu-tools-for-stm32.13.3.rel1.win32_1.0.0.202411081344/tools/bin/../lib/gcc/arm-none-eabi/13.3.1/../../../../arm-none-eabi/lib/thumb/v7-m/nofp\libc_nano.a(libc_a-reent.o) (_impure_ptr)
[...]
Memory Configuration

Name             Origin             Length             Attributes
RAM              0x20000000         0x00005000         xrw
FLASH            0x08000000         0x00010000         xr
*default*        0x00000000         0xffffffff

Linker script and memory map

LOAD A:/STM32cube/New folder/STM32CubeIDE_1.19.0/STM32CubeIDE/plugins/com.st.stm32cube.ide.mcu.externaltools.gnu-tools-for-stm32.13.3.rel1.win32_1.0.0.202411081344/tools/bin/../lib/gcc/arm-none-eabi/13.3.1/thumb/v7-m/nofp/crti.o
LOAD A:/STM32cube/New folder/STM32CubeIDE_1.19.0/STM32CubeIDE/plugins/com.st.stm32cube.ide.mcu.externaltools.gnu-tools-for-stm32.13.3.rel1.win32_1.0.0.202411081344/tools/bin/../lib/gcc/arm-none-eabi/13.3.1/thumb/v7-m/nofp/crtbegin.o
LOAD A:/STM32cube/New folder/STM32CubeIDE_1.19.0/STM32CubeIDE/plugins/com.st.stm32cube.ide.mcu.externaltools.gnu-tools-for-stm32.13.3.rel1.win32_1.0.0.202411081344/tools/bin/../lib/gcc/arm-none-eabi/13.3.1/../../../../arm-none-eabi/lib/thumb/v7-m/nofp/crt0.o
LOAD ./Core/Src/main.o
LOAD ./Core/Src/motor_controller.o
LOAD ./Core/Src/pedal_handler.o
LOAD ./Core/Src/stm32f1xx_hal_msp.o
LOAD ./Core/Src/stm32f1xx_it.o
LOAD ./Core/Src/syscalls.o
LOAD ./Core/Src/sysmem.o
LOAD ./Core/Src/system_stm32f1xx.o
LOAD ./Core/Startup/startup_stm32f103c8tx.o
LOAD ./Drivers/STM32F1xx_HAL_Driver/Src/stm32f1xx_hal.o
LOAD ./Drivers/STM32F1xx_HAL_Driver/Src/stm32f1xx_hal_adc.o
LOAD ./Drivers/STM32F1xx_HAL_Driver/Src/stm32f1xx_hal_adc_ex.o
LOAD ./Drivers/STM32F1xx_HAL_Driver/Src/stm32f1xx_hal_can.o
LOAD ./Drivers/STM32F1xx_HAL_Driver/Src/stm32f1xx_hal_cortex.o
LOAD ./Drivers/STM32F1xx_HAL_Driver/Src/stm32f1xx_hal_dma.o
LOAD ./Drivers/STM32F1xx_HAL_Driver/Src/stm32f1xx_hal_exti.o
LOAD ./Drivers/STM32F1xx_HAL_Driver/Src/stm32f1xx_hal_flash.o
LOAD ./Drivers/STM32F1xx_HAL_Driver/Src/stm32f1xx_hal_flash_ex.o
LOAD ./Drivers/STM32F1xx_HAL_Driver/Src/stm32f1xx_hal_gpio.o
LOAD ./Drivers/STM32F1xx_HAL_Driver/Src/stm32f1xx_hal_gpio_ex.o
LOAD ./Drivers/STM32F1xx_HAL_Driver/Src/stm32f1xx_hal_pwr.o
LOAD ./Drivers/STM32F1xx_HAL_Driver/Src/stm32f1xx_hal_rcc.o
LOAD ./Drivers/STM32F1xx_HAL_Driver/Src/stm32f1xx_hal_rcc_ex.o
LOAD ./Drivers/STM32F1xx_HAL_Driver/Src/stm32f1xx_hal_tim.o
LOAD ./Drivers/STM32F1xx_HAL_Driver/Src/stm32f1xx_hal_tim_ex.o
START GROUP
LOAD A:/STM32cube/New folder/STM32CubeIDE_1.19.0/STM32CubeIDE/plugins/com.st.stm32cube.ide.mcu.externaltools.gnu-tools-for-stm32.13.3.rel1.win32_1.0.0.202411081344/tools/bin/../lib/gcc/arm-none-eabi/13.3.1/../../../../arm-none-eabi/lib/thumb/v7-m/nofp\libc_nano.a
LOAD A:/STM32cube/New folder/STM32CubeIDE_1.19.0/STM32CubeIDE/plugins/com.st.stm32cube.ide.mcu.externaltools.gnu-tools-for-stm32.13.3.rel1.win32_1.0.0.202411081344/tools/bin/../lib/gcc/arm-none-eabi/13.3.1/../../../../arm-none-eabi/lib/thumb/v7-m/nofp\libm.a
END GROUP
START GROUP
LOAD A:/STM32cube/New folder/STM32CubeIDE_1.19.0/STM32CubeIDE/plugins/com.st.stm32cube.ide.mcu.externaltools.gnu-tools-for-stm32.13.3.rel1.win32_1.0.0.202411081344/tools/bin/../lib/gcc/arm-none-eabi/13.3.1/thumb/v7-m/nofp\libgcc.a
LOAD A:/STM32cube/New folder/STM32CubeIDE_1.19.0/STM32CubeIDE/plugins/com.st.stm32cube.ide.mcu.externaltools.gnu-tools-for-stm32.13.3.rel1.win32_1.0.0.202411081344/tools/bin/../lib/gcc/arm-none-eabi/13.3.1/../../../../arm-none-eabi/lib/thumb/v7-m/nofp\libc_nano.a
END GROUP
START GROUP
LOAD A:/STM32cube/New folder/STM32CubeIDE_1.19.0/STM32CubeIDE/plugins/com.st.stm32cube.ide.mcu.externaltools.gnu-tools-for-stm32.13.3.rel1.win32_1.0.0.202411081344/tools/bin/../lib/gcc/arm-none-eabi/13.3.1/thumb/v7-m/nofp\libgcc.a
LOAD A:/STM32cube/New folder/STM32CubeIDE_1.19.0/STM32CubeIDE/plugins/com.st.stm32cube.ide.mcu.externaltools.gnu-tools-for-stm32.13.3.rel1.win32_1.0.0.202411081344/tools/bin/../lib/gcc/arm-none-eabi/13.3.1/../../../../arm-none-eabi/lib/thumb/v7-m/nofp\libc_nano.a
LOAD A:/STM32cube/New folder/STM32CubeIDE_1.19.0/STM32CubeIDE/plugins/com.st.stm32cube.ide.mcu.externaltools.gnu-tools-for-stm32.13.3.rel1.win32_1.0.0.202411081344/tools/bin/../lib/gcc/arm-none-eabi/13.3.1/../../../../arm-none-eabi/lib/thumb/v7-m/nofp\libnosys.a
END GROUP
START GROUP
LOAD A:/STM32cube/New folder/STM32CubeIDE_1.19.0/STM32CubeIDE/plugins/com.st.stm32cube.ide.mcu.externaltools.gnu-tools-for-stm32.13.3.rel1.win32_1.0.0.202411081344/tools/bin/../lib/gcc/arm-none-eabi/13.3.1/thumb/v7-m/nofp\libgcc.a
LOAD A:/STM32cube/New folder/STM32CubeIDE_1.19.0/STM32CubeIDE/plugins/com.st.stm32cube.ide.mcu.externaltools.gnu-tools-for-stm32.13.3.rel1.win32_1.0.0.202411081344/tools/bin/../lib/gcc/arm-none-eabi/13.3.1/../../../../arm-none-eabi/lib/thumb/v7-m/nofp\libc_nano.a
LOAD A:/STM32cube/New folder/STM32CubeIDE_1.19.0/STM32CubeIDE/plugins/com.st.stm32cube.ide.mcu.externaltools.gnu-tools-for-stm32.13.3.rel1.win32_1.0.0.202411081344/tools/bin/../lib/gcc/arm-none-eabi/13.3.1/../../../../arm-none-eabi/lib/thumb/v7-m/nofp\libnosys.a
END GROUP
LOAD A:/STM32cube/New folder/STM32CubeIDE_1.19.0/STM32CubeIDE/plugins/com.st.stm32cube.ide.mcu.externaltools.gnu-tools-for-stm32.13.3.rel1.win32_1.0.0.202411081344/tools/bin/../lib/gcc/arm-none-eabi/13.3.1/thumb/v7-m/nofp/crtend.o
LOAD A:/STM32cube/New folder/STM32CubeIDE_1.19.0/STM32CubeIDE/plugins/com.st.stm32cube.ide.mcu.externaltools.gnu-tools-for-stm32.13.3.rel1.win32_1.0.0.202411081344/tools/bin/../lib/gcc/arm-none-eabi/13.3.1/thumb/v7-m/nofp/crtn.o
                0x20005000                        _estack = (ORIGIN (RAM) + LENGTH (RAM))
                0x00000200                        _Min_Heap_Size = 0x200
                0x00000400                        _Min_Stack_Size = 0x400

.isr_vector     0x08000000      0x10c
                0x08000000                        . = ALIGN (0x4)
 *(.isr_vector)
 .isr_vector    0x08000000      0x10c ./Core/Startup/startup_stm32f103c8tx.o
                0x08000000                g_pfnVectors
                0x0800010c                        . = ALIGN (0x4)

.text           0x0800010c     0x3840
                0x0800010c                        . = ALIGN (0x4)
 *(.text)
 .text          0x0800010c       0x40 A:/STM32cube/New folder/STM32CubeIDE_1.19.0/STM32CubeIDE/plugins/com.st.stm32cube.ide.mcu.externaltools.gnu-tools-for-stm32.13.3.rel1.win32_1.0.0.202411081344/tools/bin/../lib/gcc/arm-none-eabi/13.3.1/thumb/v7-m/nofp/crtbegin.o
 *(.text*)
 .text.CAN_TX   0x0800014c       0x44 ./Core/Src/main.o
                0x0800014c                CAN_TX
 .text.HAL_TIM_PeriodElapsedCallback
                0x08000190       0x28 ./Core/Src/main.o
                0x08000190                HAL_TIM_PeriodElapsedCallback
 .text.main     0x080001b8      0x164 ./Core/Src/main.o
                0x080001b8                main
 .text.SystemClock_Config
                0x0800031c       0xae ./Core/Src/main.o
                0x0800031c                SystemClock_Config
 *fill*         0x080003ca        0x2 
 .text.MX_ADC1_Init
                0x080003cc       0x7c ./Core/Src/main.o
 .text.MX_CAN_Init
                0x08000448       0x6c ./Core/Src/main.o
 .text.MX_TIM2_Init
                0x080004b4       0x9c ./Core/Src/main.o
 .text.MX_GPIO_Init
                0x08000550       0x80 ./Core/Src/main.o
 .text.Error_Handler
                0x080005d0        0xc ./Core/Src/main.o
                0x080005d0                Error_Handler
 .text.Clear_Buffer
                0x080005dc       0x30 ./Core/Src/motor_controller.o
 .text.Sim_Status_0x600
                0x0800060c       0x34 ./Core/Src/motor_controller.o
                0x0800060c                Sim_Status_0x600
 .text.Sim_MotorStatus_0x610
                0x08000640       0xf4 ./Core/Src/motor_controller.o
                0x08000640                Sim_MotorStatus_0x610
 .text.Sim_Battery_0x618
                0x08000734       0x42 ./Core/Src/motor_controller.o
                0x08000734                Sim_Battery_0x618
 .text.Sim_Odometer_0x620
                0x08000776       0x1c ./Core/Src/motor_controller.o
                0x08000776                Sim_Odometer_0x620
 .text.Sim_Relative_0x626
                0x08000792       0x46 ./Core/Src/motor_controller.o
                0x08000792                Sim_Relative_0x626
 .text.Sim_Temp_0x628
                0x080007d8       0x3a ./Core/Src/motor_controller.o
                0x080007d8                Sim_Temp_0x628
 *fill*         0x08000812        0x2 
 .text.ADC_Read
                0x08000814       0x6c ./Core/Src/pedal_handler.o
 .text.Apply_Filter
                0x08000880       0x60 ./Core/Src/pedal_handler.o
 .text.Pedal_Init
                0x080008e0       0x24 ./Core/Src/pedal_handler.o
                0x080008e0                Pedal_Init
 .text.Pedal_Process
                0x08000904      0x168 ./Core/Src/pedal_handler.o
                0x08000904                Pedal_Process
 .text.HAL_MspInit
                0x08000a6c       0x64 ./Core/Src/stm32f1xx_hal_msp.o
                0x08000a6c                HAL_MspInit
 .text.HAL_ADC_MspInit
                0x08000ad0       0x78 ./Core/Src/stm32f1xx_hal_msp.o
                0x08000ad0                HAL_ADC_MspInit
 .text.HAL_CAN_MspInit
                0x08000b48       0xa8 ./Core/Src/stm32f1xx_hal_msp.o
                0x08000b48                HAL_CAN_MspInit
 .text.HAL_TIM_Base_MspInit
                0x08000bf0       0x48 ./Core/Src/stm32f1xx_hal_msp.o
                0x08000bf0                HAL_TIM_Base_MspInit
 .text.NMI_Handler
                0x08000c38        0x8 ./Core/Src/stm32f1xx_it.o
                0x08000c38                NMI_Handler
 .text.HardFault_Handler
                0x08000c40        0x8 ./Core/Src/stm32f1xx_it.o
                0x08000c40                HardFault_Handler
 .text.MemManage_Handler
                0x08000c48        0x8 ./Core/Src/stm32f1xx_it.o
                0x08000c48                MemManage_Handler
 .text.BusFault_Handler
                0x08000c50        0x8 ./Core/Src/stm32f1xx_it.o
                0x08000c50                BusFault_Handler
 .text.UsageFault_Handler
                0x08000c58        0x8 ./Core/Src/stm32f1xx_it.o
                0x08000c58                UsageFault_Handler
 .text.SVC_Handler
                0x08000c60        0xc ./Core/Src/stm32f1xx_it.o
                0x08000c60                SVC_Handler
 .text.DebugMon_Handler
                0x08000c6c        0xc ./Core/Src/stm32f1xx_it.o
                0x08000c6c                DebugMon_Handler
 .text.PendSV_Handler
                0x08000c78        0xc ./Core/Src/stm32f1xx_it.o
                0x08000c78                PendSV_Handler
 .text.SysTick_Handler
                0x08000c84        0xc ./Core/Src/stm32f1xx_it.o
                0x08000c84                SysTick_Handler
 .text.USB_LP_CAN1_RX0_IRQHandler
                0x08000c90       0x14 ./Core/Src/stm32f1xx_it.o
                0x08000c90                USB_LP_CAN1_RX0_IRQHandler
 .text.TIM2_IRQHandler
                0x08000ca4       0x14 ./Core/Src/stm32f1xx_it.o
                0x08000ca4                TIM2_IRQHandler
 .text.SystemInit
                0x08000cb8        0xc ./Core/Src/system_stm32f1xx.o
                0x08000cb8                SystemInit
 .text.Reset_Handler
                0x08000cc4       0x48 ./Core/Startup/startup_stm32f103c8tx.o
                0x08000cc4                Reset_Handler
 .text.Default_Handler
                0x08000d0c        0x2 ./Core/Startup/startup_stm32f103c8tx.o
                0x08000d0c                RTC_Alarm_IRQHandler
                0x08000d0c                EXTI2_IRQHandler
                0x08000d0c                TIM1_CC_IRQHandler
                0x08000d0c                PVD_IRQHandler
                0x08000d0c                EXTI3_IRQHandler
                0x08000d0c                EXTI0_IRQHandler
                0x08000d0c                I2C2_EV_IRQHandler
                0x08000d0c                ADC1_2_IRQHandler
                0x08000d0c                SPI1_IRQHandler
                0x08000d0c                TAMPER_IRQHandler
                0x08000d0c                DMA1_Channel4_IRQHandler
                0x08000d0c                USART3_IRQHandler
                0x08000d0c                RTC_IRQHandler
                0x08000d0c                DMA1_Channel7_IRQHandler
                0x08000d0c                CAN1_RX1_IRQHandler
                0x08000d0c                TIM4_IRQHandler
                0x08000d0c                I2C1_EV_IRQHandler
                0x08000d0c                DMA1_Channel6_IRQHandler
                0x08000d0c                TIM3_IRQHandler
                0x08000d0c                RCC_IRQHandler
                0x08000d0c                TIM1_TRG_COM_IRQHandler
                0x08000d0c                DMA1_Channel1_IRQHandler
                0x08000d0c                Default_Handler
                0x08000d0c                EXTI15_10_IRQHandler
                0x08000d0c                EXTI9_5_IRQHandler
                0x08000d0c                SPI2_IRQHandler
                0x08000d0c                DMA1_Channel5_IRQHandler
                0x08000d0c                EXTI4_IRQHandler
                0x08000d0c                USB_HP_CAN1_TX_IRQHandler
                0x08000d0c                DMA1_Channel3_IRQHandler
                0x08000d0c                TIM1_UP_IRQHandler
                0x08000d0c                WWDG_IRQHandler
                0x08000d0c                TIM1_BRK_IRQHandler
                0x08000d0c                EXTI1_IRQHandler
                0x08000d0c                USART2_IRQHandler
                0x08000d0c                I2C2_ER_IRQHandler
                0x08000d0c                DMA1_Channel2_IRQHandler
                0x08000d0c                CAN1_SCE_IRQHandler
                0x08000d0c                FLASH_IRQHandler
                0x08000d0c                USART1_IRQHandler
                0x08000d0c                I2C1_ER_IRQHandler
                0x08000d0c                USBWakeUp_IRQHandler
 *fill*         0x08000d0e        0x2 
 .text.HAL_Init
                0x08000d10       0x2c ./Drivers/STM32F1xx_HAL_Driver/Src/stm32f1xx_hal.o
                0x08000d10                HAL_Init
 .text.HAL_InitTick
                0x08000d3c       0x60 ./Drivers/STM32F1xx_HAL_Driver/Src/stm32f1xx_hal.o
                0x08000d3c                HAL_InitTick
 .text.HAL_IncTick
                0x08000d9c       0x24 ./Drivers/STM32F1xx_HAL_Driver/Src/stm32f1xx_hal.o
                0x08000d9c                HAL_IncTick
 .text.HAL_GetTick
                0x08000dc0       0x14 ./Drivers/STM32F1xx_HAL_Driver/Src/stm32f1xx_hal.o
                0x08000dc0                HAL_GetTick
 .text.HAL_ADC_Init
                0x08000dd4      0x1b0 ./Drivers/STM32F1xx_HAL_Driver/Src/stm32f1xx_hal_adc.o
                0x08000dd4                HAL_ADC_Init
 .text.HAL_ADC_Start
                0x08000f84      0x15c ./Drivers/STM32F1xx_HAL_Driver/Src/stm32f1xx_hal_adc.o
                0x08000f84                HAL_ADC_Start
 .text.HAL_ADC_Stop
                0x080010e0       0x58 ./Drivers/STM32F1xx_HAL_Driver/Src/stm32f1xx_hal_adc.o
                0x080010e0                HAL_ADC_Stop
 .text.HAL_ADC_PollForConversion
                0x08001138      0x20c ./Drivers/STM32F1xx_HAL_Driver/Src/stm32f1xx_hal_adc.o
                0x08001138                HAL_ADC_PollForConversion
 .text.HAL_ADC_GetValue
                0x08001344       0x18 ./Drivers/STM32F1xx_HAL_Driver/Src/stm32f1xx_hal_adc.o
                0x08001344                HAL_ADC_GetValue
 .text.HAL_ADC_ConfigChannel
                0x0800135c      0x1f0 ./Drivers/STM32F1xx_HAL_Driver/Src/stm32f1xx_hal_adc.o
                0x0800135c                HAL_ADC_ConfigChannel
 .text.ADC_Enable
                0x0800154c       0xb4 ./Drivers/STM32F1xx_HAL_Driver/Src/stm32f1xx_hal_adc.o
                0x0800154c                ADC_Enable
 .text.ADC_ConversionStop_Disable
                0x08001600       0x82 ./Drivers/STM32F1xx_HAL_Driver/Src/stm32f1xx_hal_adc.o
                0x08001600                ADC_ConversionStop_Disable
 *fill*         0x08001682        0x2 
 .text.HAL_ADCEx_Calibration_Start
                0x08001684      0x15c ./Drivers/STM32F1xx_HAL_Driver/Src/stm32f1xx_hal_adc_ex.o
                0x08001684                HAL_ADCEx_Calibration_Start
 .text.HAL_CAN_Init
                0x080017e0      0x1f6 ./Drivers/STM32F1xx_HAL_Driver/Src/stm32f1xx_hal_can.o
                0x080017e0                HAL_CAN_Init
 .text.HAL_CAN_Start
                0x080019d6       0x88 ./Drivers/STM32F1xx_HAL_Driver/Src/stm32f1xx_hal_can.o
                0x080019d6                HAL_CAN_Start
 .text.HAL_CAN_AddTxMessage
                0x08001a5e      0x19e ./Drivers/STM32F1xx_HAL_Driver/Src/stm32f1xx_hal_can.o
                0x08001a5e                HAL_CAN_AddTxMessage
 .text.HAL_CAN_ActivateNotification
                0x08001bfc       0x4a ./Drivers/STM32F1xx_HAL_Driver/Src/stm32f1xx_hal_can.o
                0x08001bfc                HAL_CAN_ActivateNotification
 .text.HAL_CAN_IRQHandler
                0x08001c46      0x36e ./Drivers/STM32F1xx_HAL_Driver/Src/stm32f1xx_hal_can.o
                0x08001c46                HAL_CAN_IRQHandler
 .text.HAL_CAN_TxMailbox0CompleteCallback
                0x08001fb4       0x12 ./Drivers/STM32F1xx_HAL_Driver/Src/stm32f1xx_hal_can.o
                0x08001fb4                HAL_CAN_TxMailbox0CompleteCallback
 .text.HAL_CAN_TxMailbox1CompleteCallback
                0x08001fc6       0x12 ./Drivers/STM32F1xx_HAL_Driver/Src/stm32f1xx_hal_can.o
                0x08001fc6                HAL_CAN_TxMailbox1CompleteCallback
 .text.HAL_CAN_TxMailbox2CompleteCallback
                0x08001fd8       0x12 ./Drivers/STM32F1xx_HAL_Driver/Src/stm32f1xx_hal_can.o
                0x08001fd8                HAL_CAN_TxMailbox2CompleteCallback
 .text.HAL_CAN_TxMailbox0AbortCallback
                0x08001fea       0x12 ./Drivers/STM32F1xx_HAL_Driver/Src/stm32f1xx_hal_can.o
                0x08001fea                HAL_CAN_TxMailbox0AbortCallback
 .text.HAL_CAN_TxMailbox1AbortCallback
                0x08001ffc       0x12 ./Drivers/STM32F1xx_HAL_Driver/Src/stm32f1xx_hal_can.o
                0x08001ffc                HAL_CAN_TxMailbox1AbortCallback
 .text.HAL_CAN_TxMailbox2AbortCallback
                0x0800200e       0x12 ./Drivers/STM32F1xx_HAL_Driver/Src/stm32f1xx_hal_can.o
                0x0800200e                HAL_CAN_TxMailbox2AbortCallback
 .text.HAL_CAN_RxFifo0MsgPendingCallback
                0x08002020       0x12 ./Drivers/STM32F1xx_HAL_Driver/Src/stm32f1xx_hal_can.o
                0x08002020                HAL_CAN_RxFifo0MsgPendingCallback
 .text.HAL_CAN_RxFifo0FullCallback
                0x08002032       0x12 ./Drivers/STM32F1xx_HAL_Driver/Src/stm32f1xx_hal_can.o
                0x08002032                HAL_CAN_RxFifo0FullCallback
 .text.HAL_CAN_RxFifo1MsgPendingCallback
                0x08002044       0x12 ./Drivers/STM32F1xx_HAL_Driver/Src/stm32f1xx_hal_can.o
                0x08002044                HAL_CAN_RxFifo1MsgPendingCallback
 .text.HAL_CAN_RxFifo1FullCallback
                0x08002056       0x12 ./Drivers/STM32F1xx_HAL_Driver/Src/stm32f1xx_hal_can.o
                0x08002056                HAL_CAN_RxFifo1FullCallback
 .text.HAL_CAN_SleepCallback
                0x08002068       0x12 ./Drivers/STM32F1xx_HAL_Driver/Src/stm32f1xx_hal_can.o
                0x08002068                HAL_CAN_SleepCallback
 .text.HAL_CAN_WakeUpFromRxMsgCallback
                0x0800207a       0x12 ./Drivers/STM32F1xx_HAL_Driver/Src/stm32f1xx_hal_can.o
                0x0800207a                HAL_CAN_WakeUpFromRxMsgCallback
 .text.HAL_CAN_ErrorCallback
                0x0800208c       0x12 ./Drivers/STM32F1xx_HAL_Driver/Src/stm32f1xx_hal_can.o
                0x0800208c                HAL_CAN_ErrorCallback
 *fill*         0x0800209e        0x2 
 .text.__NVIC_SetPriorityGrouping
                0x080020a0       0x48 ./Drivers/STM32F1xx_HAL_Driver/Src/stm32f1xx_hal_cortex.o
 .text.__NVIC_GetPriorityGrouping
                0x080020e8       0x1c ./Drivers/STM32F1xx_HAL_Driver/Src/stm32f1xx_hal_cortex.o
 .text.__NVIC_EnableIRQ
                0x08002104       0x38 ./Drivers/STM32F1xx_HAL_Driver/Src/stm32f1xx_hal_cortex.o
 .text.__NVIC_SetPriority
                0x0800213c       0x54 ./Drivers/STM32F1xx_HAL_Driver/Src/stm32f1xx_hal_cortex.o
 .text.NVIC_EncodePriority
                0x08002190       0x64 ./Drivers/STM32F1xx_HAL_Driver/Src/stm32f1xx_hal_cortex.o
 .text.SysTick_Config
                0x080021f4       0x44 ./Drivers/STM32F1xx_HAL_Driver/Src/stm32f1xx_hal_cortex.o
 .text.HAL_NVIC_SetPriorityGrouping
                0x08002238       0x16 ./Drivers/STM32F1xx_HAL_Driver/Src/stm32f1xx_hal_cortex.o
                0x08002238                HAL_NVIC_SetPriorityGrouping
 .text.HAL_NVIC_SetPriority
                0x0800224e       0x38 ./Drivers/STM32F1xx_HAL_Driver/Src/stm32f1xx_hal_cortex.o
                0x0800224e                HAL_NVIC_SetPriority
 .text.HAL_NVIC_EnableIRQ
                0x08002286       0x1c ./Drivers/STM32F1xx_HAL_Driver/Src/stm32f1xx_hal_cortex.o
                0x08002286                HAL_NVIC_EnableIRQ
 .text.HAL_SYSTICK_Config
                0x080022a2       0x18 ./Drivers/STM32F1xx_HAL_Driver/Src/stm32f1xx_hal_cortex.o
                0x080022a2                HAL_SYSTICK_Config
 *fill*         0x080022ba        0x2 
 .text.HAL_GPIO_Init
                0x080022bc      0x308 ./Drivers/STM32F1xx_HAL_Driver/Src/stm32f1xx_hal_gpio.o
                0x080022bc                HAL_GPIO_Init
 .text.HAL_GPIO_WritePin
                0x080025c4       0x30 ./Drivers/STM32F1xx_HAL_Driver/Src/stm32f1xx_hal_gpio.o
                0x080025c4                HAL_GPIO_WritePin
 .text.HAL_GPIO_TogglePin
                0x080025f4       0x32 ./Drivers/STM32F1xx_HAL_Driver/Src/stm32f1xx_hal_gpio.o
                0x080025f4                HAL_GPIO_TogglePin
 *fill*         0x08002626        0x2 
 .text.HAL_RCC_OscConfig
                0x08002628      0x504 ./Drivers/STM32F1xx_HAL_Driver/Src/stm32f1xx_hal_rcc.o
                0x08002628                HAL_RCC_OscConfig
 .text.HAL_RCC_ClockConfig
                0x08002b2c      0x1d4 ./Drivers/STM32F1xx_HAL_Driver/Src/stm32f1xx_hal_rcc.o
                0x08002b2c                HAL_RCC_ClockConfig
 .text.HAL_RCC_GetSysClockFreq
                0x08002d00       0xa8 ./Drivers/STM32F1xx_HAL_Driver/Src/stm32f1xx_hal_rcc.o
                0x08002d00                HAL_RCC_GetSysClockFreq
 .text.HAL_RCC_GetHCLKFreq
                0x08002da8       0x14 ./Drivers/STM32F1xx_HAL_Driver/Src/stm32f1xx_hal_rcc.o
                0x08002da8                HAL_RCC_GetHCLKFreq
 .text.HAL_RCC_GetPCLK2Freq
                0x08002dbc       0x28 ./Drivers/STM32F1xx_HAL_Driver/Src/stm32f1xx_hal_rcc.o
                0x08002dbc                HAL_RCC_GetPCLK2Freq
 .text.RCC_Delay
                0x08002de4       0x3c ./Drivers/STM32F1xx_HAL_Driver/Src/stm32f1xx_hal_rcc.o
 .text.HAL_RCCEx_PeriphCLKConfig
                0x08002e20      0x16c ./Drivers/STM32F1xx_HAL_Driver/Src/stm32f1xx_hal_rcc_ex.o
                0x08002e20                HAL_RCCEx_PeriphCLKConfig
 .text.HAL_RCCEx_GetPeriphCLKFreq
                0x08002f8c      0x16c ./Drivers/STM32F1xx_HAL_Driver/Src/stm32f1xx_hal_rcc_ex.o
                0x08002f8c                HAL_RCCEx_GetPeriphCLKFreq
 .text.HAL_TIM_Base_Init
                0x080030f8       0x9e ./Drivers/STM32F1xx_HAL_Driver/Src/stm32f1xx_hal_tim.o
                0x080030f8                HAL_TIM_Base_Init
 *fill*         0x08003196        0x2 
 .text.HAL_TIM_Base_Start_IT
                0x08003198       0xa4 ./Drivers/STM32F1xx_HAL_Driver/Src/stm32f1xx_hal_tim.o
                0x08003198                HAL_TIM_Base_Start_IT
 .text.HAL_TIM_IRQHandler
                0x0800323c      0x1e0 ./Drivers/STM32F1xx_HAL_Driver/Src/stm32f1xx_hal_tim.o
                0x0800323c                HAL_TIM_IRQHandler
 .text.HAL_TIM_ConfigClockSource
                0x0800341c      0x18e ./Drivers/STM32F1xx_HAL_Driver/Src/stm32f1xx_hal_tim.o
                0x0800341c                HAL_TIM_ConfigClockSource
 .text.HAL_TIM_OC_DelayElapsedCallback
                0x080035aa       0x12 ./Drivers/STM32F1xx_HAL_Driver/Src/stm32f1xx_hal_tim.o
                0x080035aa                HAL_TIM_OC_DelayElapsedCallback
 .text.HAL_TIM_IC_CaptureCallback
                0x080035bc       0x12 ./Drivers/STM32F1xx_HAL_Driver/Src/stm32f1xx_hal_tim.o
                0x080035bc                HAL_TIM_IC_CaptureCallback
 .text.HAL_TIM_PWM_PulseFinishedCallback
                0x080035ce       0x12 ./Drivers/STM32F1xx_HAL_Driver/Src/stm32f1xx_hal_tim.o
                0x080035ce                HAL_TIM_PWM_PulseFinishedCallback
 .text.HAL_TIM_TriggerCallback
                0x080035e0       0x12 ./Drivers/STM32F1xx_HAL_Driver/Src/stm32f1xx_hal_tim.o
                0x080035e0                HAL_TIM_TriggerCallback
 *fill*         0x080035f2        0x2 
 .text.TIM_Base_SetConfig
                0x080035f4       0xdc ./Drivers/STM32F1xx_HAL_Driver/Src/stm32f1xx_hal_tim.o
                0x080035f4                TIM_Base_SetConfig
 .text.TIM_TI1_ConfigInputStage
                0x080036d0       0x5c ./Drivers/STM32F1xx_HAL_Driver/Src/stm32f1xx_hal_tim.o
 .text.TIM_TI2_ConfigInputStage
                0x0800372c       0x5e ./Drivers/STM32F1xx_HAL_Driver/Src/stm32f1xx_hal_tim.o
 .text.TIM_ITRx_SetConfig
                0x0800378a       0x34 ./Drivers/STM32F1xx_HAL_Driver/Src/stm32f1xx_hal_tim.o
 .text.TIM_ETR_SetConfig
                0x080037be       0x3e ./Drivers/STM32F1xx_HAL_Driver/Src/stm32f1xx_hal_tim.o
                0x080037be                TIM_ETR_SetConfig
 .text.HAL_TIMEx_MasterConfigSynchronization
                0x080037fc       0xbc ./Drivers/STM32F1xx_HAL_Driver/Src/stm32f1xx_hal_tim_ex.o
                0x080037fc                HAL_TIMEx_MasterConfigSynchronization
 .text.HAL_TIMEx_CommutCallback
                0x080038b8       0x12 ./Drivers/STM32F1xx_HAL_Driver/Src/stm32f1xx_hal_tim_ex.o
                0x080038b8                HAL_TIMEx_CommutCallback
 .text.HAL_TIMEx_BreakCallback
                0x080038ca       0x12 ./Drivers/STM32F1xx_HAL_Driver/Src/stm32f1xx_hal_tim_ex.o
                0x080038ca                HAL_TIMEx_BreakCallback
 .text.memset   0x080038dc       0x10 A:/STM32cube/New folder/STM32CubeIDE_1.19.0/STM32CubeIDE/plugins/com.st.stm32cube.ide.mcu.externaltools.gnu-tools-for-stm32.13.3.rel1.win32_1.0.0.202411081344/tools/bin/../lib/gcc/arm-none-eabi/13.3.1/../../../../arm-none-eabi/lib/thumb/v7-m/nofp\libc_nano.a(libc_a-memset.o)
                0x080038dc                memset
 .text.__libc_init_array
                0x080038ec       0x48 A:/STM32cube/New folder/STM32CubeIDE_1.19.0/STM32CubeIDE/plugins/com.st.stm32cube.ide.mcu.externaltools.gnu-tools-for-stm32.13.3.rel1.win32_1.0.0.202411081344/tools/bin/../lib/gcc/arm-none-eabi/13.3.1/../../../../arm-none-eabi/lib/thumb/v7-m/nofp\libc_nano.a(libc_a-init.o)
                0x080038ec                __libc_init_array
 *(.glue_7)
 .glue_7        0x08003934        0x0 linker stubs
 *(.glue_7t)
 .glue_7t       0x08003934        0x0 linker stubs
 *(.eh_frame)
 .eh_frame      0x08003934        0x0 A:/STM32cube/New folder/STM32CubeIDE_1.19.0/STM32CubeIDE/plugins/com.st.stm32cube.ide.mcu.externaltools.gnu-tools-for-stm32.13.3.rel1.win32_1.0.0.202411081344/tools/bin/../lib/gcc/arm-none-eabi/13.3.1/thumb/v7-m/nofp/crtbegin.o
 *(.init)
 .init          0x08003934        0x4 A:/STM32cube/New folder/STM32CubeIDE_1.19.0/STM32CubeIDE/plugins/com.st.stm32cube.ide.mcu.externaltools.gnu-tools-for-stm32.13.3.rel1.win32_1.0.0.202411081344/tools/bin/../lib/gcc/arm-none-eabi/13.3.1/thumb/v7-m/nofp/crti.o
                0x08003934                _init
 .init          0x08003938        0x8 A:/STM32cube/New folder/STM32CubeIDE_1.19.0/STM32CubeIDE/plugins/com.st.stm32cube.ide.mcu.externaltools.gnu-tools-for-stm32.13.3.rel1.win32_1.0.0.202411081344/tools/bin/../lib/gcc/arm-none-eabi/13.3.1/thumb/v7-m/nofp/crtn.o
 *(.fini)
 .fini          0x08003940        0x4 A:/STM32cube/New folder/STM32CubeIDE_1.19.0/STM32CubeIDE/plugins/com.st.stm32cube.ide.mcu.externaltools.gnu-tools-for-stm32.13.3.rel1.win32_1.0.0.202411081344/tools/bin/../lib/gcc/arm-none-eabi/13.3.1/thumb/v7-m/nofp/crti.o
                0x08003940                _fini
 .fini          0x08003944        0x8 A:/STM32cube/New folder/STM32CubeIDE_1.19.0/STM32CubeIDE/plugins/com.st.stm32cube.ide.mcu.externaltools.gnu-tools-for-stm32.13.3.rel1.win32_1.0.0.202411081344/tools/bin/../lib/gcc/arm-none-eabi/13.3.1/thumb/v7-m/nofp/crtn.o
                0x0800394c                        . = ALIGN (0x4)
                0x0800394c                        _etext = .

.vfp11_veneer   0x0800394c        0x0
 .vfp11_veneer  0x0800394c        0x0 linker stubs

.v4_bx          0x0800394c        0x0
 .v4_bx         0x0800394c        0x0 linker stubs

.iplt           0x0800394c        0x0
 .iplt          0x0800394c        0x0 A:/STM32cube/New folder/STM32CubeIDE_1.19.0/STM32CubeIDE/plugins/com.st.stm32cube.ide.mcu.externaltools.gnu-tools-for-stm32.13.3.rel1.win32_1.0.0.202411081344/tools/bin/../lib/gcc/arm-none-eabi/13.3.1/thumb/v7-m/nofp/crtbegin.o

.rodata         0x0800394c       0x40
                0x0800394c                        . = ALIGN (0x4)
 *(.rodata)
 *(.rodata*)
 .rodata.AHBPrescTable
                0x0800394c       0x10 ./Core/Src/system_stm32f1xx.o
                0x0800394c                AHBPrescTable
 .rodata.APBPrescTable
                0x0800395c        0x8 ./Core/Src/system_stm32f1xx.o
                0x0800395c                APBPrescTable
 .rodata.aPLLMULFactorTable.1
                0x08003964       0x10 ./Drivers/STM32F1xx_HAL_Driver/Src/stm32f1xx_hal_rcc.o
 .rodata.aPredivFactorTable.0
                0x08003974        0x2 ./Drivers/STM32F1xx_HAL_Driver/Src/stm32f1xx_hal_rcc.o
 *fill*         0x08003976        0x2 
 .rodata.aPLLMULFactorTable.1
                0x08003978       0x10 ./Drivers/STM32F1xx_HAL_Driver/Src/stm32f1xx_hal_rcc_ex.o
 .rodata.aPredivFactorTable.0
                0x08003988        0x2 ./Drivers/STM32F1xx_HAL_Driver/Src/stm32f1xx_hal_rcc_ex.o
                0x0800398c                        . = ALIGN (0x4)
 *fill*         0x0800398a        0x2 

.ARM.extab      0x0800398c        0x0
                0x0800398c                        . = ALIGN (0x4)
 *(.ARM.extab* .gnu.linkonce.armextab.*)
                0x0800398c                        . = ALIGN (0x4)

.ARM            0x0800398c        0x0
                0x0800398c                        . = ALIGN (0x4)
                0x0800398c                        __exidx_start = .
 *(.ARM.exidx*)
                0x0800398c                        __exidx_end = .
                0x0800398c                        . = ALIGN (0x4)

.preinit_array  0x0800398c        0x0
                0x0800398c                        . = ALIGN (0x4)
                0x0800398c                        PROVIDE (__preinit_array_start = .)
 *(.preinit_array*)
                0x0800398c                        PROVIDE (__preinit_array_end = .)
                0x0800398c                        . = ALIGN (0x4)

.init_array     0x0800398c        0x4
                0x0800398c                        . = ALIGN (0x4)
                0x0800398c                        PROVIDE (__init_array_start = .)
 *(SORT_BY_NAME(.init_array.*))
 *(.init_array*)
 .init_array    0x0800398c        0x4 A:/STM32cube/New folder/STM32CubeIDE_1.19.0/STM32CubeIDE/plugins/com.st.stm32cube.ide.mcu.externaltools.gnu-tools-for-stm32.13.3.rel1.win32_1.0.0.202411081344/tools/bin/../lib/gcc/arm-none-eabi/13.3.1/thumb/v7-m/nofp/crtbegin.o
                0x08003990                        PROVIDE (__init_array_end = .)
                0x08003990                        . = ALIGN (0x4)

.fini_array     0x08003990        0x4
                0x08003990                        . = ALIGN (0x4)
                [!provide]                        PROVIDE (__fini_array_start = .)
 *(SORT_BY_NAME(.fini_array.*))
 *(.fini_array*)
 .fini_array    0x08003990        0x4 A:/STM32cube/New folder/STM32CubeIDE_1.19.0/STM32CubeIDE/plugins/com.st.stm32cube.ide.mcu.externaltools.gnu-tools-for-stm32.13.3.rel1.win32_1.0.0.202411081344/tools/bin/../lib/gcc/arm-none-eabi/13.3.1/thumb/v7-m/nofp/crtbegin.o
                [!provide]                        PROVIDE (__fini_array_end = .)
                0x08003994                        . = ALIGN (0x4)
                0x08003994                        _sidata = LOADADDR (.data)

.rel.dyn        0x08003994        0x0
 .rel.iplt      0x08003994        0x0 A:/STM32cube/New folder/STM32CubeIDE_1.19.0/STM32CubeIDE/plugins/com.st.stm32cube.ide.mcu.externaltools.gnu-tools-for-stm32.13.3.rel1.win32_1.0.0.202411081344/tools/bin/../lib/gcc/arm-none-eabi/13.3.1/thumb/v7-m/nofp/crtbegin.o

.data           0x20000000        0xc load address 0x08003994
                0x20000000                        . = ALIGN (0x4)
                0x20000000                        _sdata = .
 *(.data)
 *(.data*)
 .data.SystemCoreClock
                0x20000000        0x4 ./Core/Src/system_stm32f1xx.o
                0x20000000                SystemCoreClock
 .data.uwTickPrio
                0x20000004        0x4 ./Drivers/STM32F1xx_HAL_Driver/Src/stm32f1xx_hal.o
                0x20000004                uwTickPrio
 .data.uwTickFreq
                0x20000008        0x1 ./Drivers/STM32F1xx_HAL_Driver/Src/stm32f1xx_hal.o
                0x20000008                uwTickFreq
 *(.RamFunc)
 *(.RamFunc*)
                0x2000000c                        . = ALIGN (0x4)
 *fill*         0x20000009        0x3 
                0x2000000c                        _edata = .

.igot.plt       0x2000000c        0x0 load address 0x080039a0
 .igot.plt      0x2000000c        0x0 A:/STM32cube/New folder/STM32CubeIDE_1.19.0/STM32CubeIDE/plugins/com.st.stm32cube.ide.mcu.externaltools.gnu-tools-for-stm32.13.3.rel1.win32_1.0.0.202411081344/tools/bin/../lib/gcc/arm-none-eabi/13.3.1/thumb/v7-m/nofp/crtbegin.o
                0x2000000c                        . = ALIGN (0x4)

.bss            0x2000000c       0xfc load address 0x080039a0
                0x2000000c                        _sbss = .
                0x2000000c                        __bss_start__ = _sbss
 *(.bss)
 .bss           0x2000000c       0x1c A:/STM32cube/New folder/STM32CubeIDE_1.19.0/STM32CubeIDE/plugins/com.st.stm32cube.ide.mcu.externaltools.gnu-tools-for-stm32.13.3.rel1.win32_1.0.0.202411081344/tools/bin/../lib/gcc/arm-none-eabi/13.3.1/thumb/v7-m/nofp/crtbegin.o
 *(.bss*)
 .bss.hadc1     0x20000028       0x30 ./Core/Src/main.o
                0x20000028                hadc1
 .bss.hcan      0x20000058       0x28 ./Core/Src/main.o
                0x20000058                hcan
 .bss.htim2     0x20000080       0x48 ./Core/Src/main.o
                0x20000080                htim2
 .bss.timer_20ms_flag
                0x200000c8        0x1 ./Core/Src/main.o
                0x200000c8                timer_20ms_flag
 *fill*         0x200000c9        0x3 
 .bss.gPedal    0x200000cc        0xc ./Core/Src/pedal_handler.o
                0x200000cc                gPedal
 .bss.buf1      0x200000d8       0x14 ./Core/Src/pedal_handler.o
 .bss.buf2      0x200000ec       0x14 ./Core/Src/pedal_handler.o
 .bss.idx       0x20000100        0x1 ./Core/Src/pedal_handler.o
 *fill*         0x20000101        0x3 
 .bss.uwTick    0x20000104        0x4 ./Drivers/STM32F1xx_HAL_Driver/Src/stm32f1xx_hal.o
                0x20000104                uwTick
 *(COMMON)
                0x20000108                        . = ALIGN (0x4)
                0x20000108                        _ebss = .
                0x20000108                        __bss_end__ = _ebss

._user_heap_stack
                0x20000108      0x600 load address 0x080039a0
                0x20000108                        . = ALIGN (0x8)
                [!provide]                        PROVIDE (end = .)
                0x20000108                        PROVIDE (_end = .)
                0x20000308                        . = (. + _Min_Heap_Size)
 *fill*         0x20000108      0x200 
                0x20000708                        . = (. + _Min_Stack_Size)
 *fill*         0x20000308      0x400 
                0x20000708                        . = ALIGN (0x8)

/DISCARD/
 libc.a(*)
 libm.a(*)
 libgcc.a(*)

.ARM.attributes
                0x00000000       0x29
 *(.ARM.attributes)
 .ARM.attributes
                0x00000000       0x1d A:/STM32cube/New folder/STM32CubeIDE_1.19.0/STM32CubeIDE/plugins/com.st.stm32cube.ide.mcu.externaltools.gnu-tools-for-stm32.13.3.rel1.win32_1.0.0.202411081344/tools/bin/../lib/gcc/arm-none-eabi/13.3.1/thumb/v7-m/nofp/crti.o
 .ARM.attributes
                0x0000001d       0x2d A:/STM32cube/New folder/STM32CubeIDE_1.19.0/STM32CubeIDE/plugins/com.st.stm32cube.ide.mcu.externaltools.gnu-tools-for-stm32.13.3.rel1.win32_1.0.0.202411081344/tools/bin/../lib/gcc/arm-none-eabi/13.3.1/thumb/v7-m/nofp/crtbegin.o
 .ARM.attributes
                0x0000004a       0x2d ./Core/Src/main.o
 .ARM.attributes
                0x00000077       0x2d ./Core/Src/motor_controller.o
 .ARM.attributes
                0x000000a4       0x2d ./Core/Src/pedal_handler.o
 .ARM.attributes
                0x000000d1       0x2d ./Core/Src/stm32f1xx_hal_msp.o
 .ARM.attributes
                0x000000fe       0x2d ./Core/Src/stm32f1xx_it.o
 .ARM.attributes
                0x0000012b       0x2d ./Core/Src/system_stm32f1xx.o
 .ARM.attributes
                0x00000158       0x21 ./Core/Startup/startup_stm32f103c8tx.o
 .ARM.attributes
                0x00000179       0x2d ./Drivers/STM32F1xx_HAL_Driver/Src/stm32f1xx_hal.o
 .ARM.attributes
                0x000001a6       0x2d ./Drivers/STM32F1xx_HAL_Driver/Src/stm32f1xx_hal_adc.o
 .ARM.attributes
                0x000001d3       0x2d ./Drivers/STM32F1xx_HAL_Driver/Src/stm32f1xx_hal_adc_ex.o
 .ARM.attributes
                0x00000200       0x2d ./Drivers/STM32F1xx_HAL_Driver/Src/stm32f1xx_hal_can.o
 .ARM.attributes
                0x0000022d       0x2d ./Drivers/STM32F1xx_HAL_Driver/Src/stm32f1xx_hal_cortex.o
 .ARM.attributes
                0x0000025a       0x2d ./Drivers/STM32F1xx_HAL_Driver/Src/stm32f1xx_hal_gpio.o
 .ARM.attributes
                0x00000287       0x2d ./Drivers/STM32F1xx_HAL_Driver/Src/stm32f1xx_hal_rcc.o
 .ARM.attributes
                0x000002b4       0x2d ./Drivers/STM32F1xx_HAL_Driver/Src/stm32f1xx_hal_rcc_ex.o
 .ARM.attributes
                0x000002e1       0x2d ./Drivers/STM32F1xx_HAL_Driver/Src/stm32f1xx_hal_tim.o
 .ARM.attributes
                0x0000030e       0x2d ./Drivers/STM32F1xx_HAL_Driver/Src/stm32f1xx_hal_tim_ex.o
 .ARM.attributes
                0x0000033b       0x2d A:/STM32cube/New folder/STM32CubeIDE_1.19.0/STM32CubeIDE/plugins/com.st.stm32cube.ide.mcu.externaltools.gnu-tools-for-stm32.13.3.rel1.win32_1.0.0.202411081344/tools/bin/../lib/gcc/arm-none-eabi/13.3.1/../../../../arm-none-eabi/lib/thumb/v7-m/nofp\libc_nano.a(libc_a-memset.o)
 .ARM.attributes
                0x00000368       0x2d A:/STM32cube/New folder/STM32CubeIDE_1.19.0/STM32CubeIDE/plugins/com.st.stm32cube.ide.mcu.externaltools.gnu-tools-for-stm32.13.3.rel1.win32_1.0.0.202411081344/tools/bin/../lib/gcc/arm-none-eabi/13.3.1/../../../../arm-none-eabi/lib/thumb/v7-m/nofp\libc_nano.a(libc_a-init.o)
 .ARM.attributes
                0x00000395       0x1d A:/STM32cube/New folder/STM32CubeIDE_1.19.0/STM32CubeIDE/plugins/com.st.stm32cube.ide.mcu.externaltools.gnu-tools-for-stm32.13.3.rel1.win32_1.0.0.202411081344/tools/bin/../lib/gcc/arm-none-eabi/13.3.1/thumb/v7-m/nofp/crtn.o
OUTPUT(MOTOR_C_SIM.elf elf32-littlearm)
LOAD linker stubs
LOAD A:/STM32cube/New folder/STM32CubeIDE_1.19.0/STM32CubeIDE/plugins/com.st.stm32cube.ide.mcu.externaltools.gnu-tools-for-stm32.13.3.rel1.win32_1.0.0.202411081344/tools/bin/../lib/gcc/arm-none-eabi/13.3.1/../../../../arm-none-eabi/lib/thumb/v7-m/nofp\libc.a
LOAD A:/STM32cube/New folder/STM32CubeIDE_1.19.0/STM32CubeIDE/plugins/com.st.stm32cube.ide.mcu.externaltools.gnu-tools-for-stm32.13.3.rel1.win32_1.0.0.202411081344/tools/bin/../lib/gcc/arm-none-eabi/13.3.1/../../../../arm-none-eabi/lib/thumb/v7-m/nofp\libm.a
LOAD A:/STM32cube/New folder/STM32CubeIDE_1.19.0/STM32CubeIDE/plugins/com.st.stm32cube.ide.mcu.externaltools.gnu-tools-for-stm32.13.3.rel1.win32_1.0.0.202411081344/tools/bin/../lib/gcc/arm-none-eabi/13.3.1/thumb/v7-m/nofp\libgcc.a

.debug_info     0x00000000     0xc4ab
 .debug_info    0x00000000     0x15bb ./Core/Src/main.o
 .debug_info    0x000015bb      0x302 ./Core/Src/motor_controller.o
 .debug_info    0x000018bd      0x7ff ./Core/Src/pedal_handler.o
 .debug_info    0x000020bc     0x10fd ./Core/Src/stm32f1xx_hal_msp.o
 .debug_info    0x000031b9      0xa6e ./Core/Src/stm32f1xx_it.o
 .debug_info    0x00003c27      0x222 ./Core/Src/system_stm32f1xx.o
 .debug_info    0x00003e49       0x30 ./Core/Startup/startup_stm32f103c8tx.o
 .debug_info    0x00003e79      0x704 ./Drivers/STM32F1xx_HAL_Driver/Src/stm32f1xx_hal.o
 .debug_info    0x0000457d      0xc50 ./Drivers/STM32F1xx_HAL_Driver/Src/stm32f1xx_hal_adc.o
 .debug_info    0x000051cd      0xa10 ./Drivers/STM32F1xx_HAL_Driver/Src/stm32f1xx_hal_adc_ex.o
 .debug_info    0x00005bdd      0xf13 ./Drivers/STM32F1xx_HAL_Driver/Src/stm32f1xx_hal_can.o
 .debug_info    0x00006af0      0xa87 ./Drivers/STM32F1xx_HAL_Driver/Src/stm32f1xx_hal_cortex.o
 .debug_info    0x00007577      0x5ab ./Drivers/STM32F1xx_HAL_Driver/Src/stm32f1xx_hal_gpio.o
 .debug_info    0x00007b22      0x7d5 ./Drivers/STM32F1xx_HAL_Driver/Src/stm32f1xx_hal_rcc.o
 .debug_info    0x000082f7      0x3c0 ./Drivers/STM32F1xx_HAL_Driver/Src/stm32f1xx_hal_rcc_ex.o
 .debug_info    0x000086b7     0x2959 ./Drivers/STM32F1xx_HAL_Driver/Src/stm32f1xx_hal_tim.o
 .debug_info    0x0000b010     0x149b ./Drivers/STM32F1xx_HAL_Driver/Src/stm32f1xx_hal_tim_ex.o

.debug_abbrev   0x00000000     0x2229
 .debug_abbrev  0x00000000      0x33d ./Core/Src/main.o
 .debug_abbrev  0x0000033d       0xf4 ./Core/Src/motor_controller.o
 .debug_abbrev  0x00000431      0x20f ./Core/Src/pedal_handler.o
 .debug_abbrev  0x00000640      0x21a ./Core/Src/stm32f1xx_hal_msp.o
 .debug_abbrev  0x0000085a      0x1eb ./Core/Src/stm32f1xx_it.o
 .debug_abbrev  0x00000a45      0x13f ./Core/Src/system_stm32f1xx.o
 .debug_abbrev  0x00000b84       0x24 ./Core/Startup/startup_stm32f103c8tx.o
 .debug_abbrev  0x00000ba8      0x201 ./Drivers/STM32F1xx_HAL_Driver/Src/stm32f1xx_hal.o
 .debug_abbrev  0x00000da9      0x225 ./Drivers/STM32F1xx_HAL_Driver/Src/stm32f1xx_hal_adc.o
 .debug_abbrev  0x00000fce      0x249 ./Drivers/STM32F1xx_HAL_Driver/Src/stm32f1xx_hal_adc_ex.o
 .debug_abbrev  0x00001217      0x21c ./Drivers/STM32F1xx_HAL_Driver/Src/stm32f1xx_hal_can.o
 .debug_abbrev  0x00001433      0x2f8 ./Drivers/STM32F1xx_HAL_Driver/Src/stm32f1xx_hal_cortex.o
 .debug_abbrev  0x0000172b      0x1ca ./Drivers/STM32F1xx_HAL_Driver/Src/stm32f1xx_hal_gpio.o
 .debug_abbrev  0x000018f5      0x2b3 ./Drivers/STM32F1xx_HAL_Driver/Src/stm32f1xx_hal_rcc.o
 .debug_abbrev  0x00001ba8      0x188 ./Drivers/STM32F1xx_HAL_Driver/Src/stm32f1xx_hal_rcc_ex.o
 .debug_abbrev  0x00001d30      0x277 ./Drivers/STM32F1xx_HAL_Driver/Src/stm32f1xx_hal_tim.o
 .debug_abbrev  0x00001fa7      0x282 ./Drivers/STM32F1xx_HAL_Driver/Src/stm32f1xx_hal_tim_ex.o

.debug_aranges  0x00000000      0xcd0
 .debug_aranges
                0x00000000       0x60 ./Core/Src/main.o
 .debug_aranges
                0x00000060       0x50 ./Core/Src/motor_controller.o
 .debug_aranges
                0x000000b0       0x38 ./Core/Src/pedal_handler.o
 .debug_aranges
                0x000000e8       0x50 ./Core/Src/stm32f1xx_hal_msp.o
 .debug_aranges
                0x00000138       0x70 ./Core/Src/stm32f1xx_it.o
 .debug_aranges
                0x000001a8       0x28 ./Core/Src/system_stm32f1xx.o
 .debug_aranges
                0x000001d0       0x28 ./Core/Startup/startup_stm32f103c8tx.o
 .debug_aranges
                0x000001f8       0xe0 ./Drivers/STM32F1xx_HAL_Driver/Src/stm32f1xx_hal.o
 .debug_aranges
                0x000002d8       0xf0 ./Drivers/STM32F1xx_HAL_Driver/Src/stm32f1xx_hal_adc.o
 .debug_aranges
                0x000003c8       0x80 ./Drivers/STM32F1xx_HAL_Driver/Src/stm32f1xx_hal_adc_ex.o
 .debug_aranges
                0x00000448      0x138 ./Drivers/STM32F1xx_HAL_Driver/Src/stm32f1xx_hal_can.o
 .debug_aranges
                0x00000580      0x100 ./Drivers/STM32F1xx_HAL_Driver/Src/stm32f1xx_hal_cortex.o
 .debug_aranges
                0x00000680       0x58 ./Drivers/STM32F1xx_HAL_Driver/Src/stm32f1xx_hal_gpio.o
 .debug_aranges
                0x000006d8       0x90 ./Drivers/STM32F1xx_HAL_Driver/Src/stm32f1xx_hal_rcc.o
 .debug_aranges
                0x00000768       0x30 ./Drivers/STM32F1xx_HAL_Driver/Src/stm32f1xx_hal_rcc_ex.o
 .debug_aranges
                0x00000798      0x3d0 ./Drivers/STM32F1xx_HAL_Driver/Src/stm32f1xx_hal_tim.o
 .debug_aranges
                0x00000b68      0x168 ./Drivers/STM32F1xx_HAL_Driver/Src/stm32f1xx_hal_tim_ex.o

.debug_rnglists
                0x00000000      0x9d6
 .debug_rnglists
                0x00000000       0x47 ./Core/Src/main.o
 .debug_rnglists
                0x00000047       0x38 ./Core/Src/motor_controller.o
 .debug_rnglists
                0x0000007f       0x26 ./Core/Src/pedal_handler.o
 .debug_rnglists
                0x000000a5       0x38 ./Core/Src/stm32f1xx_hal_msp.o
 .debug_rnglists
                0x000000dd       0x4f ./Core/Src/stm32f1xx_it.o
 .debug_rnglists
                0x0000012c       0x1a ./Core/Src/system_stm32f1xx.o
 .debug_rnglists
                0x00000146       0x19 ./Core/Startup/startup_stm32f103c8tx.o
 .debug_rnglists
                0x0000015f       0xa3 ./Drivers/STM32F1xx_HAL_Driver/Src/stm32f1xx_hal.o
 .debug_rnglists
                0x00000202       0xbc ./Drivers/STM32F1xx_HAL_Driver/Src/stm32f1xx_hal_adc.o
 .debug_rnglists
                0x000002be       0x65 ./Drivers/STM32F1xx_HAL_Driver/Src/stm32f1xx_hal_adc_ex.o
 .debug_rnglists
                0x00000323       0xed ./Drivers/STM32F1xx_HAL_Driver/Src/stm32f1xx_hal_can.o
 .debug_rnglists
                0x00000410       0xbb ./Drivers/STM32F1xx_HAL_Driver/Src/stm32f1xx_hal_cortex.o
 .debug_rnglists
                0x000004cb       0x3f ./Drivers/STM32F1xx_HAL_Driver/Src/stm32f1xx_hal_gpio.o
 .debug_rnglists
                0x0000050a       0x6c ./Drivers/STM32F1xx_HAL_Driver/Src/stm32f1xx_hal_rcc.o
 .debug_rnglists
                0x00000576       0x21 ./Drivers/STM32F1xx_HAL_Driver/Src/stm32f1xx_hal_rcc_ex.o
 .debug_rnglists
                0x00000597      0x31a ./Drivers/STM32F1xx_HAL_Driver/Src/stm32f1xx_hal_tim.o
 .debug_rnglists
                0x000008b1      0x125 ./Drivers/STM32F1xx_HAL_Driver/Src/stm32f1xx_hal_tim_ex.o

.debug_macro    0x00000000    0x185d2
 .debug_macro   0x00000000      0x1e6 ./Core/Src/main.o
 .debug_macro   0x000001e6      0xacc ./Core/Src/main.o
 .debug_macro   0x00000cb2      0x221 ./Core/Src/main.o
 .debug_macro   0x00000ed3       0x2e ./Core/Src/main.o
 .debug_macro   0x00000f01       0x22 ./Core/Src/main.o
 .debug_macro   0x00000f23       0x22 ./Core/Src/main.o
 .debug_macro   0x00000f45       0x8e ./Core/Src/main.o
 .debug_macro   0x00000fd3       0x51 ./Core/Src/main.o
 .debug_macro   0x00001024      0x103 ./Core/Src/main.o
 .debug_macro   0x00001127       0x6a ./Core/Src/main.o
 .debug_macro   0x00001191      0x1df ./Core/Src/main.o
 .debug_macro   0x00001370       0x1c ./Core/Src/main.o
 .debug_macro   0x0000138c       0x22 ./Core/Src/main.o
 .debug_macro   0x000013ae       0xbd ./Core/Src/main.o
 .debug_macro   0x0000146b      0xd23 ./Core/Src/main.o
 .debug_macro   0x0000218e     0xe09e ./Core/Src/main.o
 .debug_macro   0x0001022c       0x6d ./Core/Src/main.o
 .debug_macro   0x00010299     0x34a2 ./Core/Src/main.o
 .debug_macro   0x0001373b      0x190 ./Core/Src/main.o
 .debug_macro   0x000138cb       0x5c ./Core/Src/main.o
 .debug_macro   0x00013927      0x5bc ./Core/Src/main.o
 .debug_macro   0x00013ee3      0x289 ./Core/Src/main.o
 .debug_macro   0x0001416c      0x1cb ./Core/Src/main.o
 .debug_macro   0x00014337      0x114 ./Core/Src/main.o
 .debug_macro   0x0001444b      0x1b2 ./Core/Src/main.o
 .debug_macro   0x000145fd       0x27 ./Core/Src/main.o
 .debug_macro   0x00014624      0x136 ./Core/Src/main.o
 .debug_macro   0x0001475a      0x1bc ./Core/Src/main.o
 .debug_macro   0x00014916       0x34 ./Core/Src/main.o
 .debug_macro   0x0001494a       0x3c ./Core/Src/main.o
 .debug_macro   0x00014986      0x408 ./Core/Src/main.o
 .debug_macro   0x00014d8e       0x57 ./Core/Src/main.o
 .debug_macro   0x00014de5      0x46a ./Core/Src/main.o
 .debug_macro   0x0001524f      0x1b5 ./Core/Src/main.o
 .debug_macro   0x00015404       0x87 ./Core/Src/main.o
 .debug_macro   0x0001548b      0x240 ./Core/Src/main.o
 .debug_macro   0x000156cb      0x140 ./Core/Src/main.o
 .debug_macro   0x0001580b      0x8ed ./Core/Src/main.o
 .debug_macro   0x000160f8       0x83 ./Core/Src/main.o
 .debug_macro   0x0001617b       0x22 ./Core/Src/main.o
 .debug_macro   0x0001619d      0x1f6 ./Core/Src/motor_controller.o
 .debug_macro   0x00016393      0x2bc ./Core/Src/pedal_handler.o
 .debug_macro   0x0001664f       0x24 ./Core/Src/pedal_handler.o
 .debug_macro   0x00016673       0x61 ./Core/Src/pedal_handler.o
 .debug_macro   0x000166d4       0x43 ./Core/Src/pedal_handler.o
 .debug_macro   0x00016717       0x34 ./Core/Src/pedal_handler.o
 .debug_macro   0x0001674b       0x16 ./Core/Src/pedal_handler.o
 .debug_macro   0x00016761       0x3c ./Core/Src/pedal_handler.o
 .debug_macro   0x0001679d      0x370 ./Core/Src/pedal_handler.o
 .debug_macro   0x00016b0d       0x16 ./Core/Src/pedal_handler.o
 .debug_macro   0x00016b23       0x4a ./Core/Src/pedal_handler.o
 .debug_macro   0x00016b6d       0x34 ./Core/Src/pedal_handler.o
 .debug_macro   0x00016ba1       0x10 ./Core/Src/pedal_handler.o
 .debug_macro   0x00016bb1       0x58 ./Core/Src/pedal_handler.o
 .debug_macro   0x00016c09       0x8e ./Core/Src/pedal_handler.o
 .debug_macro   0x00016c97       0x1c ./Core/Src/pedal_handler.o
 .debug_macro   0x00016cb3      0x185 ./Core/Src/pedal_handler.o
 .debug_macro   0x00016e38       0x16 ./Core/Src/pedal_handler.o
 .debug_macro   0x00016e4e       0x29 ./Core/Src/pedal_handler.o
 .debug_macro   0x00016e77      0x1ca ./Core/Src/stm32f1xx_hal_msp.o
 .debug_macro   0x00017041      0x1d4 ./Core/Src/stm32f1xx_it.o
 .debug_macro   0x00017215      0x1b7 ./Core/Src/system_stm32f1xx.o
 .debug_macro   0x000173cc      0x1db ./Drivers/STM32F1xx_HAL_Driver/Src/stm32f1xx_hal.o
 .debug_macro   0x000175a7      0x1d4 ./Drivers/STM32F1xx_HAL_Driver/Src/stm32f1xx_hal_adc.o
 .debug_macro   0x0001777b      0x1c9 ./Drivers/STM32F1xx_HAL_Driver/Src/stm32f1xx_hal_adc_ex.o
 .debug_macro   0x00017944      0x1c6 ./Drivers/STM32F1xx_HAL_Driver/Src/stm32f1xx_hal_can.o
 .debug_macro   0x00017b0a      0x1b7 ./Drivers/STM32F1xx_HAL_Driver/Src/stm32f1xx_hal_cortex.o
 .debug_macro   0x00017cc1      0x222 ./Drivers/STM32F1xx_HAL_Driver/Src/stm32f1xx_hal_gpio.o
 .debug_macro   0x00017ee3      0x1c9 ./Drivers/STM32F1xx_HAL_Driver/Src/stm32f1xx_hal_rcc.o
 .debug_macro   0x000180ac      0x1b7 ./Drivers/STM32F1xx_HAL_Driver/Src/stm32f1xx_hal_rcc_ex.o
 .debug_macro   0x00018263      0x1b8 ./Drivers/STM32F1xx_HAL_Driver/Src/stm32f1xx_hal_tim.o
 .debug_macro   0x0001841b      0x1b7 ./Drivers/STM32F1xx_HAL_Driver/Src/stm32f1xx_hal_tim_ex.o

.debug_line     0x00000000     0xf421
 .debug_line    0x00000000      0xa71 ./Core/Src/main.o
 .debug_line    0x00000a71      0x96b ./Core/Src/motor_controller.o
 .debug_line    0x000013dc      0xbb9 ./Core/Src/pedal_handler.o
 .debug_line    0x00001f95      0x8b4 ./Core/Src/stm32f1xx_hal_msp.o
 .debug_line    0x00002849      0x8bb ./Core/Src/stm32f1xx_it.o
 .debug_line    0x00003104      0x84e ./Core/Src/system_stm32f1xx.o
 .debug_line    0x00003952       0x78 ./Core/Startup/startup_stm32f103c8tx.o
 .debug_line    0x000039ca      0xa7f ./Drivers/STM32F1xx_HAL_Driver/Src/stm32f1xx_hal.o
 .debug_line    0x00004449     0x10a4 ./Drivers/STM32F1xx_HAL_Driver/Src/stm32f1xx_hal_adc.o
 .debug_line    0x000054ed      0xdc6 ./Drivers/STM32F1xx_HAL_Driver/Src/stm32f1xx_hal_adc_ex.o
 .debug_line    0x000062b3     0x1278 ./Drivers/STM32F1xx_HAL_Driver/Src/stm32f1xx_hal_can.o
 .debug_line    0x0000752b      0xc49 ./Drivers/STM32F1xx_HAL_Driver/Src/stm32f1xx_hal_cortex.o
 .debug_line    0x00008174      0xadc ./Drivers/STM32F1xx_HAL_Driver/Src/stm32f1xx_hal_gpio.o
 .debug_line    0x00008c50      0xf38 ./Drivers/STM32F1xx_HAL_Driver/Src/stm32f1xx_hal_rcc.o
 .debug_line    0x00009b88      0x9e9 ./Drivers/STM32F1xx_HAL_Driver/Src/stm32f1xx_hal_rcc_ex.o
 .debug_line    0x0000a571     0x356d ./Drivers/STM32F1xx_HAL_Driver/Src/stm32f1xx_hal_tim.o
 .debug_line    0x0000dade     0x1943 ./Drivers/STM32F1xx_HAL_Driver/Src/stm32f1xx_hal_tim_ex.o

.debug_str      0x00000000    0x8f3cf
 .debug_str     0x00000000    0x8f3cf ./Core/Src/main.o
                              0x89642 (size before relaxing)
 .debug_str     0x0008f3cf    0x888bd ./Core/Src/motor_controller.o
 .debug_str     0x0008f3cf    0x8be68 ./Core/Src/pedal_handler.o
 .debug_str     0x0008f3cf    0x8933c ./Core/Src/stm32f1xx_hal_msp.o
 .debug_str     0x0008f3cf    0x88ea9 ./Core/Src/stm32f1xx_it.o
 .debug_str     0x0008f3cf    0x886fc ./Core/Src/system_stm32f1xx.o
 .debug_str     0x0008f3cf       0x9a ./Core/Startup/startup_stm32f103c8tx.o
 .debug_str     0x0008f3cf    0x88e2f ./Drivers/STM32F1xx_HAL_Driver/Src/stm32f1xx_hal.o
 .debug_str     0x0008f3cf    0x88de0 ./Drivers/STM32F1xx_HAL_Driver/Src/stm32f1xx_hal_adc.o
 .debug_str     0x0008f3cf    0x88db0 ./Drivers/STM32F1xx_HAL_Driver/Src/stm32f1xx_hal_adc_ex.o
 .debug_str     0x0008f3cf    0x88f04 ./Drivers/STM32F1xx_HAL_Driver/Src/stm32f1xx_hal_can.o
 .debug_str     0x0008f3cf    0x88d7b ./Drivers/STM32F1xx_HAL_Driver/Src/stm32f1xx_hal_cortex.o
 .debug_str     0x0008f3cf    0x88a82 ./Drivers/STM32F1xx_HAL_Driver/Src/stm32f1xx_hal_gpio.o
 .debug_str     0x0008f3cf    0x88b2b ./Drivers/STM32F1xx_HAL_Driver/Src/stm32f1xx_hal_rcc.o
 .debug_str     0x0008f3cf    0x8887b ./Drivers/STM32F1xx_HAL_Driver/Src/stm32f1xx_hal_rcc_ex.o
 .debug_str     0x0008f3cf    0x89b2d ./Drivers/STM32F1xx_HAL_Driver/Src/stm32f1xx_hal_tim.o
 .debug_str     0x0008f3cf    0x89339 ./Drivers/STM32F1xx_HAL_Driver/Src/stm32f1xx_hal_tim_ex.o

.comment        0x00000000       0x43
 .comment       0x00000000       0x43 ./Core/Src/main.o
                                 0x44 (size before relaxing)
 .comment       0x00000043       0x44 ./Core/Src/motor_controller.o
 .comment       0x00000043       0x44 ./Core/Src/pedal_handler.o
 .comment       0x00000043       0x44 ./Core/Src/stm32f1xx_hal_msp.o
 .comment       0x00000043       0x44 ./Core/Src/stm32f1xx_it.o
 .comment       0x00000043       0x44 ./Core/Src/system_stm32f1xx.o
 .comment       0x00000043       0x44 ./Drivers/STM32F1xx_HAL_Driver/Src/stm32f1xx_hal.o
 .comment       0x00000043       0x44 ./Drivers/STM32F1xx_HAL_Driver/Src/stm32f1xx_hal_adc.o
 .comment       0x00000043       0x44 ./Drivers/STM32F1xx_HAL_Driver/Src/stm32f1xx_hal_adc_ex.o
 .comment       0x00000043       0x44 ./Drivers/STM32F1xx_HAL_Driver/Src/stm32f1xx_hal_can.o
 .comment       0x00000043       0x44 ./Drivers/STM32F1xx_HAL_Driver/Src/stm32f1xx_hal_cortex.o
 .comment       0x00000043       0x44 ./Drivers/STM32F1xx_HAL_Driver/Src/stm32f1xx_hal_gpio.o
 .comment       0x00000043       0x44 ./Drivers/STM32F1xx_HAL_Driver/Src/stm32f1xx_hal_rcc.o
 .comment       0x00000043       0x44 ./Drivers/STM32F1xx_HAL_Driver/Src/stm32f1xx_hal_rcc_ex.o
 .comment       0x00000043       0x44 ./Drivers/STM32F1xx_HAL_Driver/Src/stm32f1xx_hal_tim.o
 .comment       0x00000043       0x44 ./Drivers/STM32F1xx_HAL_Driver/Src/stm32f1xx_hal_tim_ex.o

.debug_frame    0x00000000     0x34bc
 .debug_frame   0x00000000      0x140 ./Core/Src/main.o
 .debug_frame   0x00000140      0x110 ./Core/Src/motor_controller.o
 .debug_frame   0x00000250       0xa0 ./Core/Src/pedal_handler.o
 .debug_frame   0x000002f0      0x110 ./Core/Src/stm32f1xx_hal_msp.o
 .debug_frame   0x00000400      0x13c ./Core/Src/stm32f1xx_it.o
 .debug_frame   0x0000053c       0x58 ./Core/Src/system_stm32f1xx.o
 .debug_frame   0x00000594      0x334 ./Drivers/STM32F1xx_HAL_Driver/Src/stm32f1xx_hal.o
 .debug_frame   0x000008c8      0x40c ./Drivers/STM32F1xx_HAL_Driver/Src/stm32f1xx_hal_adc.o
 .debug_frame   0x00000cd4      0x200 ./Drivers/STM32F1xx_HAL_Driver/Src/stm32f1xx_hal_adc_ex.o
 .debug_frame   0x00000ed4      0x5a0 ./Drivers/STM32F1xx_HAL_Driver/Src/stm32f1xx_hal_can.o
 .debug_frame   0x00001474      0x428 ./Drivers/STM32F1xx_HAL_Driver/Src/stm32f1xx_hal_cortex.o
 .debug_frame   0x0000189c      0x14c ./Drivers/STM32F1xx_HAL_Driver/Src/stm32f1xx_hal_gpio.o
 .debug_frame   0x000019e8      0x218 ./Drivers/STM32F1xx_HAL_Driver/Src/stm32f1xx_hal_rcc.o
 .debug_frame   0x00001c00       0x80 ./Drivers/STM32F1xx_HAL_Driver/Src/stm32f1xx_hal_rcc_ex.o
 .debug_frame   0x00001c80     0x11b8 ./Drivers/STM32F1xx_HAL_Driver/Src/stm32f1xx_hal_tim.o
 .debug_frame   0x00002e38      0x638 ./Drivers/STM32F1xx_HAL_Driver/Src/stm32f1xx_hal_tim_ex.o
 .debug_frame   0x00003470       0x20 A:/STM32cube/New folder/STM32CubeIDE_1.19.0/STM32CubeIDE/plugins/com.st.stm32cube.ide.mcu.externaltools.gnu-tools-for-stm32.13.3.rel1.win32_1.0.0.202411081344/tools/bin/../lib/gcc/arm-none-eabi/13.3.1/../../../../arm-none-eabi/lib/thumb/v7-m/nofp\libc_nano.a(libc_a-memset.o)
 .debug_frame   0x00003490       0x2c A:/STM32cube/New folder/STM32CubeIDE_1.19.0/STM32CubeIDE/plugins/com.st.stm32cube.ide.mcu.externaltools.gnu-tools-for-stm32.13.3.rel1.win32_1.0.0.202411081344/tools/bin/../lib/gcc/arm-none-eabi/13.3.1/../../../../arm-none-eabi/lib/thumb/v7-m/nofp\libc_nano.a(libc_a-init.o)

.debug_line_str
                0x00000000       0x7e
 .debug_line_str
                0x00000000       0x7e ./Core/Startup/startup_stm32f103c8tx.o
