2025-12-03 12:09:28,451 [INFO] Activator:176 - 


2025-12-03 12:09:28,453 [INFO] Activator:177 - !SESSION log4j initialized
2025-12-03 12:09:31,069 [INFO] LogOutputStream:77 - [STDOUT_REDIRECT] 
2025-12-03 12:09:33,187 [INFO] ApplicationProperties:184 - Using Application install path: C:\ST\STM32CubeIDE_1.19.0\STM32CubeIDE\plugins\com.st.stm32cube.common.mx_6.15.0.202507011659
2025-12-03 12:09:33,202 [INFO] DbMcusXml:78 - Set database path to: C:\ST\STM32CubeIDE_1.19.0\STM32CubeIDE\plugins\com.st.stm32cube.common.mx_6.15.0.202507011659\\db\/mcu/
2025-12-03 12:09:33,202 [INFO] ApiDb:274 - Set plugin database path to: C:\ST\STM32CubeIDE_1.19.0\STM32CubeIDE\plugins\com.st.stm32cube.common.mx_6.15.0.202507011659\\db\/plugins/boardmanager/
2025-12-03 12:09:33,202 [WARN] ApiDb:259 - Overriding images path with different value:  => C:\ST\STM32CubeIDE_1.19.0\STM32CubeIDE\plugins\com.st.stm32cube.common.mx_6.15.0.202507011659\\db\/plugins/mcufinder/images/
2025-12-03 12:09:33,208 [INFO] ApiDb:250 - Set database path to: C:\Users\Ovi\.stmcufinder\plugins\mcufinder//mcu/
2025-12-03 12:09:33,209 [INFO] DbMcusAds:125 - Set database path to: C:\Users\Ovi\.stmcufinder\plugins\mcufinder//mcu/
2025-12-03 12:09:33,211 [INFO] CrossReferenceDbSqlite:203 - Set database path to: C:\Users\Ovi\.stmcufinder\plugins\mcufinder//mcu/cs/
2025-12-03 12:09:33,342 [INFO] RulesReader:64 - Compatibility file has been processed (317 Rules)
2025-12-03 12:09:33,447 [INFO] DbMcusXml:78 - Set database path to: C:\ST\STM32CubeIDE_1.19.0\STM32CubeIDE\plugins\com.st.stm32cube.common.mx_6.15.0.202507011659\\db\/mcu/
2025-12-03 12:09:33,447 [INFO] ApiDb:274 - Set plugin database path to: C:\ST\STM32CubeIDE_1.19.0\STM32CubeIDE\plugins\com.st.stm32cube.common.mx_6.15.0.202507011659\\db\/plugins/boardmanager/
2025-12-03 12:09:33,447 [INFO] ApiDb:261 - Set plugin images path to: C:\ST\STM32CubeIDE_1.19.0\STM32CubeIDE\plugins\com.st.stm32cube.common.mx_6.15.0.202507011659\\db\/plugins/mcufinder/images/
2025-12-03 12:09:33,448 [WARN] DbFile:41 - Overriding database path with different value: C:\Users\Ovi\.stmcufinder\plugins\mcufinder/ => C:\Users\Ovi\.stmcufinder\plugins\mcufinder
2025-12-03 12:09:33,448 [INFO] ApiDb:250 - Set database path to: C:\Users\Ovi\.stmcufinder\plugins\mcufinder//mcu/
2025-12-03 12:09:33,448 [WARN] DbFile:41 - Overriding database path with different value: C:\Users\Ovi\.stmcufinder\plugins\mcufinder/ => C:\Users\Ovi\.stmcufinder\plugins\mcufinder
2025-12-03 12:09:33,448 [INFO] DbMcusAds:125 - Set database path to: C:\Users\Ovi\.stmcufinder\plugins\mcufinder//mcu/
2025-12-03 12:09:33,448 [WARN] DbFile:41 - Overriding database path with different value: C:\Users\Ovi\.stmcufinder\plugins\mcufinder/ => C:\Users\Ovi\.stmcufinder\plugins\mcufinder
2025-12-03 12:09:33,448 [WARN] DbFile:41 - Overriding database path with different value: C:\Users\Ovi\.stmcufinder\plugins\mcufinder/ => C:\Users\Ovi\.stmcufinder\plugins\mcufinder
2025-12-03 12:09:33,449 [INFO] CrossReferenceDbSqlite:203 - Set database path to: C:\Users\Ovi\.stmcufinder\plugins\mcufinder//mcu/cs/
2025-12-03 12:09:33,528 [INFO] MainPanel:274 - HeapMemory: 268435456
2025-12-03 12:09:33,610 [INFO] DbMcusXml:78 - Set database path to: C:\ST\STM32CubeIDE_1.19.0\STM32CubeIDE\plugins\com.st.stm32cube.common.mx_6.15.0.202507011659\\db\/mcu/
2025-12-03 12:09:33,610 [INFO] ApiDb:274 - Set plugin database path to: C:\ST\STM32CubeIDE_1.19.0\STM32CubeIDE\plugins\com.st.stm32cube.common.mx_6.15.0.202507011659\\db\/plugins/boardmanager/
2025-12-03 12:09:33,610 [INFO] ApiDb:261 - Set plugin images path to: C:\ST\STM32CubeIDE_1.19.0\STM32CubeIDE\plugins\com.st.stm32cube.common.mx_6.15.0.202507011659\\db\/plugins/mcufinder/images/
2025-12-03 12:09:33,610 [WARN] DbFile:41 - Overriding database path with different value: C:\Users\Ovi\.stmcufinder\plugins\mcufinder/ => C:\Users\Ovi\.stmcufinder\plugins\mcufinder
2025-12-03 12:09:33,610 [INFO] ApiDb:250 - Set database path to: C:\Users\Ovi\.stmcufinder\plugins\mcufinder//mcu/
2025-12-03 12:09:33,610 [WARN] DbFile:41 - Overriding database path with different value: C:\Users\Ovi\.stmcufinder\plugins\mcufinder/ => C:\Users\Ovi\.stmcufinder\plugins\mcufinder
2025-12-03 12:09:33,610 [INFO] DbMcusAds:125 - Set database path to: C:\Users\Ovi\.stmcufinder\plugins\mcufinder//mcu/
2025-12-03 12:09:33,611 [WARN] DbFile:41 - Overriding database path with different value: C:\Users\Ovi\.stmcufinder\plugins\mcufinder/ => C:\Users\Ovi\.stmcufinder\plugins\mcufinder
2025-12-03 12:09:33,611 [WARN] DbFile:41 - Overriding database path with different value: C:\Users\Ovi\.stmcufinder\plugins\mcufinder/ => C:\Users\Ovi\.stmcufinder\plugins\mcufinder
2025-12-03 12:09:33,611 [INFO] CrossReferenceDbSqlite:203 - Set database path to: C:\Users\Ovi\.stmcufinder\plugins\mcufinder//mcu/cs/
2025-12-03 12:09:33,631 [INFO] ApplicationProperties:184 - Using Application install path: C:\ST\STM32CubeIDE_1.19.0\STM32CubeIDE\plugins\com.st.stm32cube.common.mx_6.15.0.202507011659
2025-12-03 12:09:33,633 [INFO] PluginManage:196 - Search for loadable plugins [exclusion list=, ]
2025-12-03 12:09:33,634 [INFO] PluginManage:310 - Check plugin analytics
2025-12-03 12:09:33,881 [INFO] AnalyticsPlugin:253 - Accepted Software Licenses: STM32CubeMX.6.16.0
2025-12-03 12:09:33,881 [INFO] AnalyticsPlugin:255 - Accepted CMSIS Pack Licenses: 
2025-12-03 12:09:33,881 [INFO] AnalyticsPlugin:257 - Accepted Firmware Licenses: 
2025-12-03 12:09:33,885 [INFO] PluginManage:359 - Loaded plugin analytics (category:tool,tabindex:-1)
2025-12-03 12:09:33,885 [INFO] PluginManage:310 - Check plugin cadmodel
2025-12-03 12:09:33,890 [INFO] CADModel:105 - Init CAD model plugin
2025-12-03 12:09:33,890 [INFO] PluginManage:359 - Loaded plugin cadmodel (category:power,tabindex:5)
2025-12-03 12:09:33,890 [INFO] PluginManage:310 - Check plugin clock
2025-12-03 12:09:33,900 [INFO] PluginManage:359 - Loaded plugin clock (category:base,tabindex:2)
2025-12-03 12:09:33,900 [INFO] PluginManage:310 - Check plugin ddr
2025-12-03 12:09:33,902 [INFO] PluginManage:359 - Loaded plugin ddr (category:tool,tabindex:6)
2025-12-03 12:09:33,903 [INFO] PluginManage:310 - Check plugin filemanager
2025-12-03 12:09:34,125 [INFO] PluginManage:359 - Loaded plugin filemanager (category:base,tabindex:10)
2025-12-03 12:09:34,126 [INFO] PluginManage:310 - Check plugin ipmanager
2025-12-03 12:09:34,136 [INFO] PluginManage:359 - Loaded plugin ipmanager (category:base,tabindex:5)
2025-12-03 12:09:34,136 [INFO] PluginManage:310 - Check plugin lpbam
2025-12-03 12:09:34,145 [INFO] PluginManage:359 - Loaded plugin lpbam (category:base,tabindex:0)
2025-12-03 12:09:34,145 [INFO] PluginManage:310 - Check plugin memorymap
2025-12-03 12:09:34,156 [INFO] PluginManage:359 - Loaded plugin memorymap (category:base,tabindex:4)
2025-12-03 12:09:34,156 [INFO] PluginManage:310 - Check plugin pinoutandconfiguration
2025-12-03 12:09:34,165 [INFO] PluginManage:359 - Loaded plugin pinoutandconfiguration (category:base,tabindex:1)
2025-12-03 12:09:34,165 [INFO] PluginManage:310 - Check plugin pinoutconfig
2025-12-03 12:09:34,255 [WARN] SupportedApi:132 - Cannot load RTOS API schema: s4s-elt-must-match.1: The content of 'definitions' must match (annotation?, (simpleType | complexType)?, (unique | key | keyref)*)). A problem was found starting at: attribute.
2025-12-03 12:09:34,404 [INFO] PluginManage:359 - Loaded plugin pinoutconfig (category:base,tabindex:0)
2025-12-03 12:09:34,405 [INFO] PluginManage:310 - Check plugin power
2025-12-03 12:09:34,419 [INFO] PluginManage:359 - Loaded plugin power (category:power,tabindex:4)
2025-12-03 12:09:34,419 [INFO] PluginManage:310 - Check plugin projectmanager
2025-12-03 12:09:34,438 [INFO] PluginManage:359 - Loaded plugin projectmanager (category:projectmanager,tabindex:4)
2025-12-03 12:09:34,438 [INFO] PluginManage:310 - Check plugin rif
2025-12-03 12:09:34,446 [INFO] PluginManage:359 - Loaded plugin rif (category:base,tabindex:3)
2025-12-03 12:09:34,446 [INFO] PluginManage:310 - Check plugin thirdparty
2025-12-03 12:09:34,599 [WARN] IntegrityCheckThread:84 - waiting for thirdparty lock release [integrity check]
2025-12-03 12:09:34,599 [INFO] IntegrityCheckThread:86 - entering critical section [integrity check]
2025-12-03 12:09:34,600 [INFO] ThirdPartyUpdaterWithRetryManager:70 - Updater plugin not ready yet. [1/15]
2025-12-03 12:09:34,600 [INFO] PluginManage:359 - Loaded plugin thirdparty (category:base,tabindex:-1)
2025-12-03 12:09:34,600 [INFO] PluginManage:310 - Check plugin tools
2025-12-03 12:09:34,606 [INFO] PluginManage:359 - Loaded plugin tools (category:base,tabindex:7)
2025-12-03 12:09:34,606 [INFO] PluginManage:310 - Check plugin tutovideos
2025-12-03 12:09:34,817 [INFO] PluginManage:359 - Loaded plugin tutovideos (category:base,tabindex:-1)
2025-12-03 12:09:34,817 [INFO] PluginManage:310 - Check plugin updater
2025-12-03 12:09:34,841 [INFO] PluginManage:359 - Loaded plugin updater (category:base,tabindex:12)
2025-12-03 12:09:34,841 [INFO] PluginManage:310 - Check plugin userauth
2025-12-03 12:09:34,845 [INFO] UserAuth:118 - Init User Auth plugin
2025-12-03 12:09:34,846 [INFO] PluginManage:359 - Loaded plugin userauth (category:base,tabindex:14)
2025-12-03 12:09:34,847 [INFO] PluginManage:283 - PluginManage : Loaded plugins [18]
2025-12-03 12:09:35,105 [INFO] PinOutPanel:1589 - setPackage(No Configuration,No Configuration)
2025-12-03 12:09:35,208 [INFO] CADModel:165 - CPN selected for project level
2025-12-03 12:09:35,209 [INFO] CADModel:114 - Register for checkConnection events
2025-12-03 12:09:35,227 [INFO] IPUIPlugin:80 - create IPUIPlugin
2025-12-03 12:09:35,228 [INFO] PluginManager:220 - loadIPPluginJar : add adc
2025-12-03 12:09:35,231 [INFO] IPUIPlugin:80 - create IPUIPlugin
2025-12-03 12:09:35,231 [INFO] PluginManager:220 - loadIPPluginJar : add aes
2025-12-03 12:09:35,234 [INFO] IPUIPlugin:80 - create IPUIPlugin
2025-12-03 12:09:35,234 [INFO] PluginManager:220 - loadIPPluginJar : add can
2025-12-03 12:09:35,236 [INFO] IPUIPlugin:80 - create IPUIPlugin
2025-12-03 12:09:35,236 [INFO] PluginManager:220 - loadIPPluginJar : add comp
2025-12-03 12:09:35,239 [INFO] IPUIPlugin:80 - create IPUIPlugin
2025-12-03 12:09:35,239 [INFO] PluginManager:220 - loadIPPluginJar : add cryp
2025-12-03 12:09:35,242 [INFO] IPUIPlugin:80 - create IPUIPlugin
2025-12-03 12:09:35,242 [INFO] PluginManager:220 - loadIPPluginJar : add ddr_ctrl_phy
2025-12-03 12:09:35,245 [INFO] IPUIPlugin:80 - create IPUIPlugin
2025-12-03 12:09:35,245 [INFO] PluginManager:220 - loadIPPluginJar : add dfsdm
2025-12-03 12:09:35,249 [INFO] IPUIPlugin:80 - create IPUIPlugin
2025-12-03 12:09:35,250 [INFO] PluginManager:220 - loadIPPluginJar : add dma
2025-12-03 12:09:35,253 [INFO] IPUIPlugin:80 - create IPUIPlugin
2025-12-03 12:09:35,253 [INFO] PluginManager:220 - loadIPPluginJar : add dma3
2025-12-03 12:09:35,256 [INFO] IPUIPlugin:80 - create IPUIPlugin
2025-12-03 12:09:35,256 [INFO] PluginManager:220 - loadIPPluginJar : add extmemmanager
2025-12-03 12:09:35,258 [INFO] IPUIPlugin:80 - create IPUIPlugin
2025-12-03 12:09:35,258 [INFO] PluginManager:220 - loadIPPluginJar : add fatfs
2025-12-03 12:09:35,263 [INFO] IPUIPlugin:80 - create IPUIPlugin
2025-12-03 12:09:35,263 [INFO] PluginManager:220 - loadIPPluginJar : add fmc
2025-12-03 12:09:35,269 [INFO] IPUIPlugin:80 - create IPUIPlugin
2025-12-03 12:09:35,269 [INFO] PluginManager:220 - loadIPPluginJar : add freertos
2025-12-03 12:09:35,270 [INFO] IPUIPlugin:80 - create IPUIPlugin
2025-12-03 12:09:35,271 [INFO] PluginManager:220 - loadIPPluginJar : add genericplugin
2025-12-03 12:09:35,273 [INFO] IPUIPlugin:80 - create IPUIPlugin
2025-12-03 12:09:35,273 [INFO] PluginManager:220 - loadIPPluginJar : add gfxmmu
2025-12-03 12:09:35,279 [INFO] IPUIPlugin:80 - create IPUIPlugin
2025-12-03 12:09:35,279 [INFO] PluginManager:220 - loadIPPluginJar : add gic
2025-12-03 12:09:35,283 [INFO] IPUIPlugin:80 - create IPUIPlugin
2025-12-03 12:09:35,283 [INFO] PluginManager:220 - loadIPPluginJar : add gpio
2025-12-03 12:09:35,286 [INFO] IPUIPlugin:80 - create IPUIPlugin
2025-12-03 12:09:35,286 [INFO] PluginManager:220 - loadIPPluginJar : add gtzc
2025-12-03 12:09:35,289 [INFO] IPUIPlugin:80 - create IPUIPlugin
2025-12-03 12:09:35,289 [INFO] PluginManager:220 - loadIPPluginJar : add hash
2025-12-03 12:09:35,292 [INFO] IPUIPlugin:80 - create IPUIPlugin
2025-12-03 12:09:35,293 [INFO] PluginManager:220 - loadIPPluginJar : add i2c
2025-12-03 12:09:35,296 [INFO] IPUIPlugin:80 - create IPUIPlugin
2025-12-03 12:09:35,296 [INFO] PluginManager:220 - loadIPPluginJar : add i2s
2025-12-03 12:09:35,299 [INFO] IPUIPlugin:80 - create IPUIPlugin
2025-12-03 12:09:35,299 [INFO] PluginManager:220 - loadIPPluginJar : add i3c
2025-12-03 12:09:35,302 [INFO] IPUIPlugin:80 - create IPUIPlugin
2025-12-03 12:09:35,303 [INFO] PluginManager:220 - loadIPPluginJar : add ipddr
2025-12-03 12:09:35,310 [INFO] IPUIPlugin:80 - create IPUIPlugin
2025-12-03 12:09:35,310 [INFO] PluginManager:220 - loadIPPluginJar : add linkedlist
2025-12-03 12:09:35,315 [INFO] IPUIPlugin:80 - create IPUIPlugin
2025-12-03 12:09:35,315 [INFO] PluginManager:220 - loadIPPluginJar : add lorawan
2025-12-03 12:09:35,316 [INFO] IPUIPlugin:80 - create IPUIPlugin
2025-12-03 12:09:35,316 [INFO] PluginManager:220 - loadIPPluginJar : add ltdc
2025-12-03 12:09:35,324 [INFO] IPUIPlugin:80 - create IPUIPlugin
2025-12-03 12:09:35,324 [INFO] PluginManager:220 - loadIPPluginJar : add mdma
2025-12-03 12:09:35,328 [INFO] IPUIPlugin:80 - create IPUIPlugin
2025-12-03 12:09:35,328 [INFO] PluginManager:220 - loadIPPluginJar : add nvic
2025-12-03 12:09:35,331 [INFO] IPUIPlugin:80 - create IPUIPlugin
2025-12-03 12:09:35,331 [INFO] PluginManager:220 - loadIPPluginJar : add opamp
2025-12-03 12:09:35,335 [INFO] IPUIPlugin:80 - create IPUIPlugin
2025-12-03 12:09:35,335 [INFO] PluginManager:220 - loadIPPluginJar : add openamp
2025-12-03 12:09:35,338 [INFO] IPUIPlugin:80 - create IPUIPlugin
2025-12-03 12:09:35,339 [INFO] PluginManager:220 - loadIPPluginJar : add pdm2pcm
2025-12-03 12:09:35,345 [INFO] IPUIPlugin:80 - create IPUIPlugin
2025-12-03 12:09:35,348 [INFO] PluginManager:220 - loadIPPluginJar : add plateformsettings
2025-12-03 12:09:35,350 [INFO] IPUIPlugin:80 - create IPUIPlugin
2025-12-03 12:09:35,350 [INFO] PluginManager:220 - loadIPPluginJar : add quadspi
2025-12-03 12:09:35,352 [INFO] IPUIPlugin:80 - create IPUIPlugin
2025-12-03 12:09:35,353 [INFO] PluginManager:220 - loadIPPluginJar : add radio
2025-12-03 12:09:35,358 [INFO] IPUIPlugin:80 - create IPUIPlugin
2025-12-03 12:09:35,358 [INFO] PluginManager:220 - loadIPPluginJar : add resmgrutility
2025-12-03 12:09:35,363 [INFO] IPUIPlugin:80 - create IPUIPlugin
2025-12-03 12:09:35,363 [INFO] PluginManager:220 - loadIPPluginJar : add sai
2025-12-03 12:09:35,366 [INFO] IPUIPlugin:80 - create IPUIPlugin
2025-12-03 12:09:35,366 [INFO] PluginManager:220 - loadIPPluginJar : add spi
2025-12-03 12:09:35,373 [INFO] IPUIPlugin:80 - create IPUIPlugin
2025-12-03 12:09:35,373 [INFO] PluginManager:220 - loadIPPluginJar : add stm32_wpan
2025-12-03 12:09:35,375 [INFO] IPUIPlugin:80 - create IPUIPlugin
2025-12-03 12:09:35,375 [INFO] PluginManager:220 - loadIPPluginJar : add tim
2025-12-03 12:09:35,379 [INFO] IPUIPlugin:80 - create IPUIPlugin
2025-12-03 12:09:35,379 [INFO] PluginManager:220 - loadIPPluginJar : add touchsensing
2025-12-03 12:09:35,381 [INFO] IPUIPlugin:80 - create IPUIPlugin
2025-12-03 12:09:35,382 [INFO] PluginManager:220 - loadIPPluginJar : add tracer_emb
2025-12-03 12:09:35,384 [INFO] IPUIPlugin:80 - create IPUIPlugin
2025-12-03 12:09:35,384 [INFO] PluginManager:220 - loadIPPluginJar : add ts
2025-12-03 12:09:35,385 [INFO] IPUIPlugin:80 - create IPUIPlugin
2025-12-03 12:09:35,386 [INFO] PluginManager:220 - loadIPPluginJar : add tsc
2025-12-03 12:09:35,387 [INFO] IPUIPlugin:80 - create IPUIPlugin
2025-12-03 12:09:35,387 [INFO] PluginManager:220 - loadIPPluginJar : add ucpd
2025-12-03 12:09:35,390 [INFO] IPUIPlugin:80 - create IPUIPlugin
2025-12-03 12:09:35,390 [INFO] PluginManager:220 - loadIPPluginJar : add usart
2025-12-03 12:09:35,394 [INFO] IPUIPlugin:80 - create IPUIPlugin
2025-12-03 12:09:35,394 [INFO] PluginManager:220 - loadIPPluginJar : add usbx
2025-12-03 12:09:35,538 [FATAL] Updater:351 - Updater called before beeing initialized
2025-12-03 12:09:35,570 [INFO] RulesReader:64 - Compatibility file has been processed (317 Rules)
2025-12-03 12:09:35,587 [INFO] RulesReader:64 - Compatibility file has been processed (317 Rules)
2025-12-03 12:09:35,598 [INFO] CADModel:165 - CPN selected for project level
2025-12-03 12:09:35,598 [INFO] CADModel:114 - Register for checkConnection events
2025-12-03 12:09:35,598 [FATAL] Updater:351 - Updater called before beeing initialized
2025-12-03 12:09:35,599 [ERROR] CADModel:125 - Updater not yet initialized, retry later 
2025-12-03 12:09:35,777 [FATAL] Updater:351 - Updater called before beeing initialized
2025-12-03 12:09:35,778 [INFO] CADModel:165 - CPN selected for project level
2025-12-03 12:09:35,778 [INFO] CADModel:114 - Register for checkConnection events
2025-12-03 12:09:35,779 [FATAL] Updater:351 - Updater called before beeing initialized
2025-12-03 12:09:35,779 [ERROR] CADModel:125 - Updater not yet initialized, retry later 
2025-12-03 12:09:35,782 [FATAL] Updater:351 - Updater called before beeing initialized
2025-12-03 12:09:35,926 [FATAL] Updater:351 - Updater called before beeing initialized
2025-12-03 12:09:35,932 [INFO] DbMcusAds:53 - JSON generation date=Tue Nov 25 16:08:32 EET 2025 (1764079712175)
2025-12-03 12:09:35,932 [FATAL] Updater:351 - Updater called before beeing initialized
2025-12-03 12:09:35,987 [WARN] DetailPanel:346 - Failed to get advertising image, set to default
2025-12-03 12:09:36,113 [FATAL] Updater:351 - Updater called before beeing initialized
2025-12-03 12:09:36,115 [FATAL] Updater:351 - Updater called before beeing initialized
2025-12-03 12:09:36,115 [FATAL] Updater:351 - Updater called before beeing initialized
2025-12-03 12:09:36,115 [WARN] DetailPanel:346 - Failed to get advertising image, set to default
2025-12-03 12:09:36,116 [FATAL] Updater:351 - Updater called before beeing initialized
2025-12-03 12:09:36,174 [ERROR] Updater:1198 - MainUpdater not yet initialized. External WinMGr cannot be set.
2025-12-03 12:09:36,176 [INFO] Updater:1134 - Updater Version found : 6.15.0
2025-12-03 12:09:36,193 [INFO] ApplicationProperties:184 - Using Application install path: C:\ST\STM32CubeIDE_1.19.0\STM32CubeIDE\plugins\com.st.stm32cube.common.mx_6.15.0.202507011659
2025-12-03 12:09:36,522 [INFO] MainUpdater:2872 - connection check result : 10
2025-12-03 12:09:36,523 [INFO] MainUpdater:289 - Updater Check For Update Now.
2025-12-03 12:09:36,523 [INFO] MicroXplorer:498 - Change Database Version : DB.6.0.150
2025-12-03 12:09:36,538 [INFO] McuFinderGlobals:63 - Set McuFinder mode to 2 (CubeIDE integrated)
2025-12-03 12:09:36,538 [INFO] UserAuth:171 - activating auth plugin
2025-12-03 12:09:36,541 [INFO] UserAuth:487 - Internet connection configuration mode: 1
2025-12-03 12:09:36,569 [INFO] JxBrowserEngine:152 - Initiate JxBrowser Engine with user profile folder
2025-12-03 12:09:36,754 [INFO] CheckServerUpdateThread:120 - End of CheckServer Thread
2025-12-03 12:09:37,431 [INFO] WebApp:169 - Instantiating new browser for Auth
2025-12-03 12:09:37,978 [WARN] PackLoader:240 - Cannot read IP mode file for STMicroelectronics.FP-SNS-MOTENVWB1.1.4.0
2025-12-03 12:09:37,994 [WARN] PackLoader:240 - Cannot read IP mode file for STMicroelectronics.FP-ATR-ASTRA1.2.0.2
2025-12-03 12:09:38,010 [WARN] PackLoader:240 - Cannot read IP mode file for STMicroelectronics.X-CUBE-SMBUS.2.1.0
2025-12-03 12:09:38,072 [WARN] PackLoader:240 - Cannot read IP mode file for STMicroelectronics.X-CUBE-AZRTOS-F7.1.1.0
2025-12-03 12:09:38,090 [WARN] PackLoader:240 - Cannot read IP mode file for STMicroelectronics.FP-SNS-MOTENV1.5.1.0
2025-12-03 12:09:38,110 [WARN] PackLoader:240 - Cannot read IP mode file for WES.I-CUBE-Cesium.1.4.0
2025-12-03 12:09:38,163 [WARN] PackLoader:240 - Cannot read IP mode file for STMicroelectronics.X-CUBE-AZRTOS-H7.3.4.0
2025-12-03 12:09:38,178 [WARN] PackLoader:240 - Cannot read IP mode file for STMicroelectronics.X-CUBE-DISPLAY.3.0.0
2025-12-03 12:09:38,199 [WARN] PackLoader:240 - Cannot read IP mode file for STMicroelectronics.X-CUBE-NFC10.1.0.0
2025-12-03 12:09:38,210 [WARN] PackLoader:240 - Cannot read IP mode file for STMicroelectronics.X-CUBE-ST60.1.1.0
2025-12-03 12:09:38,219 [WARN] PackLoader:240 - Cannot read IP mode file for emotas.I-CUBE-CANOPEN.1.3.0
2025-12-03 12:09:38,227 [WARN] PackLoader:240 - Cannot read IP mode file for STMicroelectronics.X-CUBE-GNSS1.7.1.0
2025-12-03 12:09:38,240 [WARN] PackLoader:240 - Cannot read IP mode file for STMicroelectronics.FP-SNS-STBOX1.2.1.0
2025-12-03 12:09:38,249 [WARN] PackLoader:240 - Cannot read IP mode file for STMicroelectronics.FP-SNS-SMARTAG2.1.2.0
2025-12-03 12:09:38,254 [WARN] PackLoader:240 - Cannot read IP mode file for STMicroelectronics.FP-SNS-FLIGHT1.5.1.0
2025-12-03 12:09:38,266 [INFO] LogOutputStream:77 - [STDOUT_REDIRECT] 1 : Invalid condition id : UX_CORESTACK_Condition cause : null
2025-12-03 12:09:38,267 [INFO] LogOutputStream:77 - [STDOUT_REDIRECT] 1 : Invalid condition id : UX_CORESTACK_Condition cause : null
2025-12-03 12:09:38,269 [INFO] LogOutputStream:77 - [STDOUT_REDIRECT] 1 : Invalid condition id : UX_CORESTACK_Condition cause : null
2025-12-03 12:09:38,271 [INFO] LogOutputStream:77 - [STDOUT_REDIRECT] 1 : Invalid condition id : UX_CORESTACK_Condition cause : null
2025-12-03 12:09:38,273 [INFO] LogOutputStream:77 - [STDOUT_REDIRECT] 1 : Invalid condition id : UX_CORESTACK_Condition cause : null
2025-12-03 12:09:38,279 [WARN] PackLoader:240 - Cannot read IP mode file for STMicroelectronics.X-CUBE-AZRTOS-WL.2.0.0
2025-12-03 12:09:38,308 [WARN] PackLoader:240 - Cannot read IP mode file for STMicroelectronics.X-CUBE-AZRTOS-H7RS.1.2.0
2025-12-03 12:09:38,319 [WARN] PackLoader:240 - Cannot read IP mode file for STMicroelectronics.X-CUBE-BLE2.3.3.0
2025-12-03 12:09:38,385 [WARN] PackLoader:240 - Cannot read IP mode file for Infineon.AIROC-Wi-Fi-Bluetooth-STM32.1.8.0
2025-12-03 12:09:38,422 [WARN] PackLoader:240 - Cannot read IP mode file for STMicroelectronics.X-CUBE-NFC9.1.0.0
2025-12-03 12:09:38,433 [WARN] PackLoader:240 - Cannot read IP mode file for wolfSSL.I-CUBE-wolfSSL.5.8.2
2025-12-03 12:09:38,442 [WARN] PackLoader:240 - Cannot read IP mode file for STMicroelectronics.X-CUBE-BLE1.7.1.0
2025-12-03 12:09:38,448 [WARN] PackLoader:240 - Cannot read IP mode file for wolfSSL.I-CUBE-wolfMQTT.1.19.2
2025-12-03 12:09:38,457 [WARN] PackLoader:240 - Cannot read IP mode file for STMicroelectronics.X-CUBE-FREERTOS.1.4.0
2025-12-03 12:09:38,467 [WARN] PackLoader:240 - Cannot read IP mode file for STMicroelectronics.X-CUBE-EEPRMA1.5.2.0
2025-12-03 12:09:38,477 [WARN] PackLoader:240 - Cannot read IP mode file for Cesanta.I-CUBE-Mongoose.7.20.0
2025-12-03 12:09:38,485 [WARN] PackLoader:240 - Cannot read IP mode file for STMicroelectronics.X-CUBE-ST67W61.1.1.0
2025-12-03 12:09:38,582 [WARN] PackLoader:240 - Cannot read IP mode file for STMicroelectronics.X-CUBE-MEMS1.12.0.0
2025-12-03 12:09:38,719 [INFO] WebApp:463 - Apply proxy settings
2025-12-03 12:09:38,720 [INFO] WebApp:548 - Chromium requires no authentication
2025-12-03 12:09:38,734 [INFO] WebApp:491 - Direct internet connection detected
2025-12-03 12:09:38,756 [WARN] PackLoader:240 - Cannot read IP mode file for STMicroelectronics.X-CUBE-AZRTOS-G0.1.1.0
2025-12-03 12:09:38,769 [WARN] PackLoader:240 - Cannot read IP mode file for STMicroelectronics.X-CUBE-NFC4.3.0.0
2025-12-03 12:09:38,784 [WARN] PackLoader:240 - Cannot read IP mode file for EmbeddedOffice.I-CUBE-FS-RTOS.1.0.1
2025-12-03 12:09:38,792 [INFO] WebApp:900 - Register for checkConnection events
2025-12-03 12:09:38,793 [INFO] WebApp:463 - Apply proxy settings
2025-12-03 12:09:38,793 [WARN] PackLoader:240 - Cannot read IP mode file for STMicroelectronics.X-CUBE-WB05N.2.0.0
2025-12-03 12:09:38,793 [INFO] WebApp:548 - Chromium requires no authentication
2025-12-03 12:09:38,794 [INFO] WebApp:491 - Direct internet connection detected
2025-12-03 12:09:38,799 [WARN] PackLoader:240 - Cannot read IP mode file for wolfSSL.I-CUBE-wolfTPM.3.8.0
2025-12-03 12:09:38,810 [WARN] PackLoader:240 - Cannot read IP mode file for STMicroelectronics.X-CUBE-TCPP.4.2.0
2025-12-03 12:09:38,822 [WARN] PackLoader:240 - Cannot read IP mode file for RealThread.X-CUBE-RT-Thread_Nano.4.1.1
2025-12-03 12:09:38,828 [WARN] PackLoader:240 - Cannot read IP mode file for STMicroelectronics.FP-ATR-SIGFOX1.3.2.0
2025-12-03 12:09:38,839 [WARN] PackLoader:240 - Cannot read IP mode file for ITTIA_DB.I-CUBE-ITTIADB.8.9.0
2025-12-03 12:09:38,845 [WARN] PackLoader:240 - Cannot read IP mode file for STMicroelectronics.X-CUBE-AI.10.2.0
2025-12-03 12:09:38,890 [WARN] PackLoader:240 - Cannot read IP mode file for SEGGER.I-CUBE-embOS.1.3.1
2025-12-03 12:09:38,981 [WARN] PackLoader:240 - Cannot read IP mode file for STMicroelectronics.X-CUBE-ALGOBUILD.1.4.0
2025-12-03 12:09:38,990 [WARN] PackLoader:240 - Cannot read IP mode file for STMicroelectronics.X-CUBE-PM33A1.1.0.0
2025-12-03 12:09:39,017 [WARN] PackLoader:240 - Cannot read IP mode file for STMicroelectronics.X-CUBE-AZRTOS-F4.1.1.0
2025-12-03 12:09:39,028 [WARN] PackLoader:240 - Cannot read IP mode file for STMicroelectronics.X-CUBE-ISPU.2.1.0
2025-12-03 12:09:39,078 [WARN] PackLoader:240 - Cannot read IP mode file for STMicroelectronics.X-CUBE-IPS.3.2.0
2025-12-03 12:09:39,097 [WARN] PackLoader:240 - Cannot read IP mode file for STMicroelectronics.X-CUBE-NFC12.1.0.0
2025-12-03 12:09:39,120 [WARN] PackLoader:240 - Cannot read IP mode file for STMicroelectronics.X-CUBE-AZRTOS-L5.2.0.0
2025-12-03 12:09:39,140 [WARN] PackLoader:240 - Cannot read IP mode file for STMicroelectronics.X-CUBE-NFC6.3.1.0
2025-12-03 12:09:39,147 [INFO] WebApp:191 - Connection restablished
2025-12-03 12:09:39,152 [WARN] PackLoader:240 - Cannot read IP mode file for STMicroelectronics.X-CUBE-TOUCHGFX.4.26.0
2025-12-03 12:09:39,159 [WARN] PackLoader:240 - Cannot read IP mode file for STMicroelectronics.FP-SNS-STAIOTCFT.1.0.0
2025-12-03 12:09:39,168 [WARN] PackLoader:240 - Cannot read IP mode file for STMicroelectronics.X-CUBE-DPower.1.3.0
2025-12-03 12:09:39,198 [WARN] ConditionMgr:438 - getConditionDescription Invalid condition id : LAN8742 Phy interface Condition cause : null
2025-12-03 12:09:39,199 [WARN] PackLoader:240 - Cannot read IP mode file for STMicroelectronics.X-CUBE-AZRTOS-L4.2.0.0
2025-12-03 12:09:39,202 [WARN] ConditionMgr:1044 - genDependencies : Invalid condition id : LAN8742 Phy interface Condition cause : null
2025-12-03 12:09:39,203 [WARN] ConditionMgr:1044 - genDependencies : Invalid condition id : LAN8742 Phy interface Condition cause : null
2025-12-03 12:09:39,203 [WARN] ConditionMgr:1044 - genDependencies : Invalid condition id : LAN8742 Phy interface Condition cause : null
2025-12-03 12:09:39,215 [WARN] PackLoader:240 - Cannot read IP mode file for STMicroelectronics.X-CUBE-SFXS2LP1.4.0.0
2025-12-03 12:09:39,231 [WARN] PackLoader:240 - Cannot read IP mode file for STMicroelectronics.X-CUBE-BLEMGR.4.1.0
2025-12-03 12:09:39,252 [WARN] ConditionMgr:438 - getConditionDescription Invalid condition id : UX DEVICE CLASS RTOS Condition cause : null
2025-12-03 12:09:39,253 [WARN] ConditionMgr:438 - getConditionDescription Invalid condition id : UX DEVICE CLASS RTOS Condition cause : null
2025-12-03 12:09:39,256 [WARN] PackLoader:240 - Cannot read IP mode file for STMicroelectronics.X-CUBE-AZRTOS-WB.2.0.0
2025-12-03 12:09:39,256 [WARN] ConditionMgr:1044 - genDependencies : Invalid condition id : UX DEVICE CLASS RTOS Condition cause : null
2025-12-03 12:09:39,257 [WARN] ConditionMgr:1044 - genDependencies : Invalid condition id : UX DEVICE CLASS RTOS Condition cause : null
2025-12-03 12:09:39,257 [WARN] ConditionMgr:1044 - genDependencies : Invalid condition id : UX DEVICE CLASS RTOS Condition cause : null
2025-12-03 12:09:39,258 [WARN] ConditionMgr:1044 - genDependencies : Invalid condition id : UX DEVICE CLASS RTOS Condition cause : null
2025-12-03 12:09:39,258 [WARN] ConditionMgr:1044 - genDependencies : Invalid condition id : UX DEVICE CLASS RTOS Condition cause : null
2025-12-03 12:09:39,266 [WARN] ConditionMgr:438 - getConditionDescription Invalid condition id : Cortex-A Device cause : null
2025-12-03 12:09:39,297 [WARN] ConditionMgr:1044 - genDependencies : Invalid condition id : Cortex-A Device cause : null
2025-12-03 12:09:39,297 [WARN] ConditionMgr:1044 - genDependencies : Invalid condition id : Cortex-A Device cause : null
2025-12-03 12:09:39,297 [WARN] ConditionMgr:1044 - genDependencies : Invalid condition id : Cortex-A Device cause : null
2025-12-03 12:09:39,310 [WARN] PackLoader:240 - Cannot read IP mode file for STMicroelectronics.X-CUBE-SUBG2.5.0.0
2025-12-03 12:09:39,349 [WARN] PackLoader:240 - Cannot read IP mode file for STMicroelectronics.X-CUBE-AZRTOS-G4.2.0.0
2025-12-03 12:09:39,352 [INFO] WebApp:225 - Starting web application
2025-12-03 12:09:39,353 [INFO] WebApp:593 - Web application path used C:\ST\STM32CubeIDE_1.19.0\STM32CubeIDE\plugins\com.st.stm32cube.common.mx_6.15.0.202507011659\db\plugins\mcufinder\reactClient1\index.html
2025-12-03 12:09:39,356 [WARN] PackLoader:240 - Cannot read IP mode file for wolfSSL.I-CUBE-wolfSSH.1.4.20
2025-12-03 12:09:39,363 [WARN] PackLoader:240 - Cannot read IP mode file for STMicroelectronics.X-CUBE-NFC7.2.0.0
2025-12-03 12:09:39,371 [WARN] PackLoader:240 - Cannot read IP mode file for STMicroelectronics.X-CUBE-ALS.1.0.2
2025-12-03 12:09:39,380 [WARN] PackLoader:240 - Cannot read IP mode file for STMicroelectronics.X-CUBE-STSE01.1.0.0
2025-12-03 12:09:39,403 [WARN] PackLoader:240 - Cannot read IP mode file for STMicroelectronics.X-CUBE-TOF1.3.4.3
2025-12-03 12:09:39,416 [INFO] ThirdParty:978 - Integrity check success = true
2025-12-03 12:09:39,416 [INFO] IntegrityCheckThread:100 - exiting critical section [integrity check]
2025-12-03 12:09:39,416 [INFO] IntegrityCheckThread:103 - End integrity checks thread
2025-12-03 12:34:12,631 [INFO] WebApp:194 - Connection lost
2025-12-03 12:34:12,786 [INFO] WebApp:191 - Connection restablished
2025-12-03 13:15:26,516 [ERROR] LogOutputStream:75 - [STDERR_REDIRECT] 
