../Core/Src/main.c:87:24:rb_next	1
../Core/Src/main.c:91:20:rb_empty	1
../Core/Src/main.c:94:20:rb_full	1
../Core/Src/main.c:97:20:rb_add	2
../Core/Src/main.c:105:20:rb_pop	2
../Core/Src/main.c:116:6:CAN_FILTER_CONFIG	2
../Core/Src/main.c:135:6:CAN_TX	1
../Core/Src/main.c:156:5:main	9
../Core/Src/main.c:244:6:SystemClock_Config	3
../Core/Src/main.c:291:13:MX_CAN1_Init	2
../Core/Src/main.c:328:13:MX_CAN2_Init	2
../Core/Src/main.c:365:13:MX_TIM2_Init	4
../Core/Src/main.c:410:13:MX_USART1_UART_Init	2
../Core/Src/main.c:443:13:MX_GPIO_Init	1
../Core/Src/main.c:461:6:HAL_TIM_PeriodElapsedCallback	2
../Core/Src/main.c:466:6:HAL_CAN_RxFifo0MsgPendingCallback	3
../Core/Src/main.c:487:6:HAL_CAN_TxMailbox0CompleteCallback	1
../Core/Src/main.c:502:6:Error_Handler	1
