../Core/Src/main.c:87:24:rb_next	16	static
../Core/Src/main.c:91:20:rb_empty	4	static
../Core/Src/main.c:94:20:rb_full	8	static
../Core/Src/main.c:97:20:rb_add	16	static
../Core/Src/main.c:105:20:rb_pop	16	static
../Core/Src/main.c:116:6:CAN_FILTER_CONFIG	48	static
../Core/Src/main.c:135:6:CAN_TX	48	static
../Core/Src/main.c:156:5:main	8	static
../Core/Src/main.c:244:6:SystemClock_Config	88	static
../Core/Src/main.c:291:13:MX_CAN1_Init	8	static
../Core/Src/main.c:328:13:MX_CAN2_Init	8	static
../Core/Src/main.c:365:13:MX_TIM2_Init	32	static
../Core/Src/main.c:410:13:MX_USART1_UART_Init	8	static
../Core/Src/main.c:443:13:MX_GPIO_Init	24	static
../Core/Src/main.c:461:6:HAL_TIM_PeriodElapsedCallback	16	static
../Core/Src/main.c:466:6:HAL_CAN_RxFifo0MsgPendingCallback	72	static
../Core/Src/main.c:487:6:HAL_CAN_TxMailbox0CompleteCallback	56	static
../Core/Src/main.c:502:6:Error_Handler	4	static,ignoring_inline_asm
