../Core/Src/stm32f4xx_it.c:74:6:NMI_Handler	4	static
../Core/Src/stm32f4xx_it.c:89:6:HardFault_Handler	4	static
../Core/Src/stm32f4xx_it.c:104:6:MemManage_Handler	4	static
../Core/Src/stm32f4xx_it.c:119:6:BusFault_Handler	4	static
../Core/Src/stm32f4xx_it.c:134:6:UsageFault_Handler	4	static
../Core/Src/stm32f4xx_it.c:149:6:SVC_Handler	4	static
../Core/Src/stm32f4xx_it.c:162:6:DebugMon_Handler	4	static
../Core/Src/stm32f4xx_it.c:175:6:PendSV_Handler	4	static
../Core/Src/stm32f4xx_it.c:188:6:SysTick_Handler	8	static
../Core/Src/stm32f4xx_it.c:211:6:USART1_IRQHandler	8	static
../Core/Src/stm32f4xx_it.c:216:6:TIM2_IRQHandler	8	static
../Core/Src/stm32f4xx_it.c:221:6:CAN1_TX_IRQHandler	8	static
../Core/Src/stm32f4xx_it.c:226:6:CAN1_RX0_IRQHandler	8	static
../Core/Src/stm32f4xx_it.c:231:6:CAN1_RX1_IRQHandler	8	static
../Core/Src/stm32f4xx_it.c:236:6:CAN1_SCE_IRQHandler	8	static
