23:13:20 **** Incremental Build of configuration Debug for project BLUESOLARTEST_ITCAN2 ****
make -j8 all 
arm-none-eabi-gcc "../Core/Src/main.c" -mcpu=cortex-m3 -std=gnu11 -g3 -DDEBUG -DUSE_HAL_DRIVER -DSTM32F103xB -c -I../Core/Inc -I../Drivers/STM32F1xx_HAL_Driver/Inc -I../Drivers/STM32F1xx_HAL_Driver/Inc/Legacy -I../Drivers/CMSIS/Device/ST/STM32F1xx/Include -I../Drivers/CMSIS/Include -O0 -ffunction-sections -fdata-sections -Wall -fstack-usage -fcyclomatic-complexity -MMD -MP -MF"Core/Src/main.d" -MT"Core/Src/main.o" --specs=nano.specs -mfloat-abi=soft -mthumb -o "Core/Src/main.o"
arm-none-eabi-gcc -o "BLUESOLARTEST_ITCAN2.elf" @"objects.list"   -mcpu=cortex-m3 -T"C:\SOLARCAR_LV\GitHub\SolarCar-StanescuOvidiu\BLUESOLARTEST_ITCAN2\STM32F103C8TX_FLASH.ld" --specs=nosys.specs -Wl,-Map="BLUESOLARTEST_ITCAN2.map" -Wl,--gc-sections -static -u_printf_float --specs=nano.specs -mfloat-abi=soft -mthumb -Wl,--start-group -lc -lm -Wl,--end-group
Finished building target: BLUESOLARTEST_ITCAN2.elf
 
arm-none-eabi-size  BLUESOLARTEST_ITCAN2.elf 
arm-none-eabi-objdump -h -S BLUESOLARTEST_ITCAN2.elf  > "BLUESOLARTEST_ITCAN2.list"
   text	   data	    bss	    dec	    hex	filename
  27104	    468	   2196	  29768	   7448	BLUESOLARTEST_ITCAN2.elf
Finished building: default.size.stdout
 
Finished building: BLUESOLARTEST_ITCAN2.list
 

23:13:21 Build Finished. 0 errors, 0 warnings. (took 1s.507ms)

