21:14:01 **** Incremental Build of configuration Debug for project MPPT_SIM ****
make -j8 all 
arm-none-eabi-gcc "../Core/Src/main.c" -mcpu=cortex-m3 -std=gnu11 -g3 -DDEBUG -DUSE_HAL_DRIVER -DSTM32F103xB -c -I../Core/Inc -I../Drivers/STM32F1xx_HAL_Driver/Inc/Legacy -I../Drivers/STM32F1xx_HAL_Driver/Inc -I../Drivers/CMSIS/Device/ST/STM32F1xx/Include -I../Drivers/CMSIS/Include -O0 -ffunction-sections -fdata-sections -Wall -fstack-usage -fcyclomatic-complexity -MMD -MP -MF"Core/Src/main.d" -MT"Core/Src/main.o" --specs=nano.specs -mfloat-abi=soft -mthumb -o "Core/Src/main.o"
arm-none-eabi-gcc -o "MPPT_SIM.elf" @"objects.list"   -mcpu=cortex-m3 -T"C:\SOLARCAR_LV\GitHub\OvidiuMPPT\MPPT_SIM\STM32F103C8TX_FLASH.ld" --specs=nosys.specs -Wl,-Map="MPPT_SIM.map" -Wl,--gc-sections -static --specs=nano.specs -mfloat-abi=soft -mthumb -u _printf_float -Wl,--start-group -lc -lm -Wl,--end-group
Finished building target: MPPT_SIM.elf
 
arm-none-eabi-size  MPPT_SIM.elf 
arm-none-eabi-objdump -h -S MPPT_SIM.elf  > "MPPT_SIM.list"
   text	   data	    bss	    dec	    hex	filename
  34440	    472	   5520	  40432	   9df0	MPPT_SIM.elf
Finished building: default.size.stdout
 
Finished building: MPPT_SIM.list
 
21:14:08 **** Incremental Build of configuration Debug for project MPPT_SIM ****
make -j8 all 
arm-none-eabi-size  MPPT_SIM.elf 
   text	   data	    bss	    dec	    hex	filename
  34440	    472	   5520	  40432	   9df0	MPPT_SIM.elf
Finished building: default.size.stdout
 
21:14:23 **** Incremental Build of configuration Debug for project MPPT_SIM ****
make -j8 all 
arm-none-eabi-size  MPPT_SIM.elf 
   text	   data	    bss	    dec	    hex	filename
  34440	    472	   5520	  40432	   9df0	MPPT_SIM.elf
Finished building: default.size.stdout
 
21:16:08 **** Incremental Build of configuration Debug for project MPPT_SIM ****
make -j8 all 
arm-none-eabi-size  MPPT_SIM.elf 
   text	   data	    bss	    dec	    hex	filename
  34440	    472	   5520	  40432	   9df0	MPPT_SIM.elf
Finished building: default.size.stdout
 
